{"timestamp":"2026-09-21T10:07:20.287915","level":"info","event":"DAG bundles loaded: dags-folder","logger":"airflow.dag_processing.bundles.manager.DagBundlesManager"}
{"timestamp":"2026-09-21T10:07:20.288483","level":"info","event":"Filling up the DagBag from /opt/airflow/dags/swiggy_batch.py","logger":"airflow.models.dagbag.DagBag"}
{"timestamp":"2026-09-21T10:07:20.979408","level":"info","event":"Executing: ['USE WAREHOUSE SWIGGY_WH', \"COPY INTO SWIGGY.RAW.restaurants FROM @SWIGGY.RAW.SWIGGY_RAW_STAGE/restaurants/  ON_ERROR='CONTINUE'\", \"COPY INTO SWIGGY.RAW.users       FROM @SWIGGY.RAW.SWIGGY_RAW_STAGE/users/        ON_ERROR='CONTINUE'\", \"COPY INTO SWIGGY.RAW.food        FROM @SWIGGY.RAW.SWIGGY_RAW_STAGE/food/         ON_ERROR='CONTINUE'\", \"COPY INTO SWIGGY.RAW.menu        FROM @SWIGGY.RAW.SWIGGY_RAW_STAGE/menu/         ON_ERROR='CONTINUE'\", 'COPY INTO SWIGGY.RAW.orders      FROM @SWIGGY.RAW.SWIGGY_RAW_STAGE/orders/', 'COPY INTO SWIGGY.RAW.order_items FROM @SWIGGY.RAW.SWIGGY_RAW_STAGE/order_items/', 'COPY INTO SWIGGY.RAW.reviews     FROM @SWIGGY.RAW.SWIGGY_RAW_STAGE/reviews/']","logger":"airflow.task.operators.airflow.providers.common.sql.operators.sql.SQLExecuteQueryOperator"}
{"timestamp":"2026-09-21T10:07:20.982029","level":"warning","event":"empty cryptography key - values will not be stored encrypted.","logger":"airflow.models.crypto"}
{"timestamp":"2026-09-21T10:07:20.982642","level":"info","event":"Connection Retrieved 'snowflake_default'","logger":"airflow.hooks.base"}
{"timestamp":"2026-09-21T10:07:21.435185","level":"info","event":"Connection Retrieved 'snowflake_default'","logger":"airflow.hooks.base"}
{"timestamp":"2026-09-21T10:07:21.435431","level":"info","event":"Snowflake Connector for Python Version: 3.16.0, Python Version: 3.12.11, Platform: Linux-6.12.76-linuxkit-aarch64-with-glibc2.36","logger":"snowflake.connector.connection"}
{"timestamp":"2026-09-21T10:07:21.435698","level":"info","event":"Connecting to GLOBAL Snowflake domain","logger":"snowflake.connector.connection"}
{"timestamp":"2026-09-21T10:07:22.379781","level":"info","event":"Running statement: USE WAREHOUSE SWIGGY_WH, parameters: None","logger":"airflow.task.hooks.airflow.providers.snowflake.hooks.snowflake.SnowflakeHook"}
{"timestamp":"2026-09-21T10:07:22.380549","level":"info","event":"Running statement: USE WAREHOUSE SWIGGY_WH, parameters: None","logger":"airflow.task.hooks.airflow.providers.snowflake.hooks.snowflake.SnowflakeHook"}
{"timestamp":"2026-09-21T10:07:22.521554","level":"info","event":"Rows affected: 1","logger":"airflow.task.hooks.airflow.providers.snowflake.hooks.snowflake.SnowflakeHook"}
{"timestamp":"2026-09-21T10:07:22.522670","level":"info","event":"Rows affected: 1","logger":"airflow.task.hooks.airflow.providers.snowflake.hooks.snowflake.SnowflakeHook"}
{"timestamp":"2026-09-21T10:07:22.523005","level":"info","event":"Snowflake query id: 01c7377f-3203-6726-0018-501200023c76","logger":"airflow.task.hooks.airflow.providers.snowflake.hooks.snowflake.SnowflakeHook"}
{"timestamp":"2026-09-21T10:07:22.523415","level":"info","event":"Running statement: COPY INTO SWIGGY.RAW.restaurants FROM @SWIGGY.RAW.SWIGGY_RAW_STAGE/restaurants/  ON_ERROR='CONTINUE', parameters: None","logger":"airflow.task.hooks.airflow.providers.snowflake.hooks.snowflake.SnowflakeHook"}
{"timestamp":"2026-09-21T10:07:22.523680","level":"info","event":"Running statement: COPY INTO SWIGGY.RAW.restaurants FROM @SWIGGY.RAW.SWIGGY_RAW_STAGE/restaurants/  ON_ERROR='CONTINUE', parameters: None","logger":"airflow.task.hooks.airflow.providers.snowflake.hooks.snowflake.SnowflakeHook"}
{"timestamp":"2026-09-21T10:07:23.591936","level":"info","event":"Rows affected: 1","logger":"airflow.task.hooks.airflow.providers.snowflake.hooks.snowflake.SnowflakeHook"}
{"timestamp":"2026-09-21T10:07:23.592360","level":"info","event":"Rows affected: 1","logger":"airflow.task.hooks.airflow.providers.snowflake.hooks.snowflake.SnowflakeHook"}
{"timestamp":"2026-09-21T10:07:23.592415","level":"info","event":"Snowflake query id: 01c7377f-3203-6726-0018-501200023c7a","logger":"airflow.task.hooks.airflow.providers.snowflake.hooks.snowflake.SnowflakeHook"}
{"timestamp":"2026-09-21T10:07:23.592452","level":"info","event":"Running statement: COPY INTO SWIGGY.RAW.users       FROM @SWIGGY.RAW.SWIGGY_RAW_STAGE/users/        ON_ERROR='CONTINUE', parameters: None","logger":"airflow.task.hooks.airflow.providers.snowflake.hooks.snowflake.SnowflakeHook"}
{"timestamp":"2026-09-21T10:07:23.592485","level":"info","event":"Running statement: COPY INTO SWIGGY.RAW.users       FROM @SWIGGY.RAW.SWIGGY_RAW_STAGE/users/        ON_ERROR='CONTINUE', parameters: None","logger":"airflow.task.hooks.airflow.providers.snowflake.hooks.snowflake.SnowflakeHook"}
{"timestamp":"2026-09-21T10:07:24.238372","level":"info","event":"Rows affected: 1","logger":"airflow.task.hooks.airflow.providers.snowflake.hooks.snowflake.SnowflakeHook"}
{"timestamp":"2026-09-21T10:07:24.238680","level":"info","event":"Rows affected: 1","logger":"airflow.task.hooks.airflow.providers.snowflake.hooks.snowflake.SnowflakeHook"}
{"timestamp":"2026-09-21T10:07:24.238768","level":"info","event":"Snowflake query id: 01c7377f-3203-6739-0018-50120002866a","logger":"airflow.task.hooks.airflow.providers.snowflake.hooks.snowflake.SnowflakeHook"}
{"timestamp":"2026-09-21T10:07:24.238847","level":"info","event":"Running statement: COPY INTO SWIGGY.RAW.food        FROM @SWIGGY.RAW.SWIGGY_RAW_STAGE/food/         ON_ERROR='CONTINUE', parameters: None","logger":"airflow.task.hooks.airflow.providers.snowflake.hooks.snowflake.SnowflakeHook"}
{"timestamp":"2026-09-21T10:07:24.238913","level":"info","event":"Running statement: COPY INTO SWIGGY.RAW.food        FROM @SWIGGY.RAW.SWIGGY_RAW_STAGE/food/         ON_ERROR='CONTINUE', parameters: None","logger":"airflow.task.hooks.airflow.providers.snowflake.hooks.snowflake.SnowflakeHook"}
{"timestamp":"2026-09-21T10:07:24.706937","level":"info","event":"Rows affected: 1","logger":"airflow.task.hooks.airflow.providers.snowflake.hooks.snowflake.SnowflakeHook"}
{"timestamp":"2026-09-21T10:07:24.707395","level":"info","event":"Rows affected: 1","logger":"airflow.task.hooks.airflow.providers.snowflake.hooks.snowflake.SnowflakeHook"}
{"timestamp":"2026-09-21T10:07:24.707559","level":"info","event":"Snowflake query id: 01c7377f-3203-6726-0018-501200023c7e","logger":"airflow.task.hooks.airflow.providers.snowflake.hooks.snowflake.SnowflakeHook"}
{"timestamp":"2026-09-21T10:07:24.707705","level":"info","event":"Running statement: COPY INTO SWIGGY.RAW.menu        FROM @SWIGGY.RAW.SWIGGY_RAW_STAGE/menu/         ON_ERROR='CONTINUE', parameters: None","logger":"airflow.task.hooks.airflow.providers.snowflake.hooks.snowflake.SnowflakeHook"}
{"timestamp":"2026-09-21T10:07:24.707806","level":"info","event":"Running statement: COPY INTO SWIGGY.RAW.menu        FROM @SWIGGY.RAW.SWIGGY_RAW_STAGE/menu/         ON_ERROR='CONTINUE', parameters: None","logger":"airflow.task.hooks.airflow.providers.snowflake.hooks.snowflake.SnowflakeHook"}
{"timestamp":"2026-09-21T10:07:25.159541","level":"info","event":"Rows affected: 1","logger":"airflow.task.hooks.airflow.providers.snowflake.hooks.snowflake.SnowflakeHook"}
{"timestamp":"2026-09-21T10:07:25.160768","level":"info","event":"Rows affected: 1","logger":"airflow.task.hooks.airflow.providers.snowflake.hooks.snowflake.SnowflakeHook"}
{"timestamp":"2026-09-21T10:07:25.160905","level":"info","event":"Snowflake query id: 01c7377f-3203-6739-0018-50120002866e","logger":"airflow.task.hooks.airflow.providers.snowflake.hooks.snowflake.SnowflakeHook"}
{"timestamp":"2026-09-21T10:07:25.160975","level":"info","event":"Running statement: COPY INTO SWIGGY.RAW.orders      FROM @SWIGGY.RAW.SWIGGY_RAW_STAGE/orders/, parameters: None","logger":"airflow.task.hooks.airflow.providers.snowflake.hooks.snowflake.SnowflakeHook"}
{"timestamp":"2026-09-21T10:07:25.161029","level":"info","event":"Running statement: COPY INTO SWIGGY.RAW.orders      FROM @SWIGGY.RAW.SWIGGY_RAW_STAGE/orders/, parameters: None","logger":"airflow.task.hooks.airflow.providers.snowflake.hooks.snowflake.SnowflakeHook"}
{"timestamp":"2026-09-21T10:07:25.664032","level":"info","event":"Rows affected: 1","logger":"airflow.task.hooks.airflow.providers.snowflake.hooks.snowflake.SnowflakeHook"}
{"timestamp":"2026-09-21T10:07:25.664563","level":"info","event":"Rows affected: 1","logger":"airflow.task.hooks.airflow.providers.snowflake.hooks.snowflake.SnowflakeHook"}
{"timestamp":"2026-09-21T10:07:25.664644","level":"info","event":"Snowflake query id: 01c7377f-3203-6739-0018-501200028672","logger":"airflow.task.hooks.airflow.providers.snowflake.hooks.snowflake.SnowflakeHook"}
{"timestamp":"2026-09-21T10:07:25.664718","level":"info","event":"Running statement: COPY INTO SWIGGY.RAW.order_items FROM @SWIGGY.RAW.SWIGGY_RAW_STAGE/order_items/, parameters: None","logger":"airflow.task.hooks.airflow.providers.snowflake.hooks.snowflake.SnowflakeHook"}
{"timestamp":"2026-09-21T10:07:25.664787","level":"info","event":"Running statement: COPY INTO SWIGGY.RAW.order_items FROM @SWIGGY.RAW.SWIGGY_RAW_STAGE/order_items/, parameters: None","logger":"airflow.task.hooks.airflow.providers.snowflake.hooks.snowflake.SnowflakeHook"}
{"timestamp":"2026-09-21T10:07:26.125513","level":"info","event":"Rows affected: 1","logger":"airflow.task.hooks.airflow.providers.snowflake.hooks.snowflake.SnowflakeHook"}
{"timestamp":"2026-09-21T10:07:26.125680","level":"info","event":"Rows affected: 1","logger":"airflow.task.hooks.airflow.providers.snowflake.hooks.snowflake.SnowflakeHook"}
{"timestamp":"2026-09-21T10:07:26.125727","level":"info","event":"Snowflake query id: 01c7377f-3203-6726-0018-501200023c82","logger":"airflow.task.hooks.airflow.providers.snowflake.hooks.snowflake.SnowflakeHook"}
{"timestamp":"2026-09-21T10:07:26.125765","level":"info","event":"Running statement: COPY INTO SWIGGY.RAW.reviews     FROM @SWIGGY.RAW.SWIGGY_RAW_STAGE/reviews/, parameters: None","logger":"airflow.task.hooks.airflow.providers.snowflake.hooks.snowflake.SnowflakeHook"}
{"timestamp":"2026-09-21T10:07:26.125798","level":"info","event":"Running statement: COPY INTO SWIGGY.RAW.reviews     FROM @SWIGGY.RAW.SWIGGY_RAW_STAGE/reviews/, parameters: None","logger":"airflow.task.hooks.airflow.providers.snowflake.hooks.snowflake.SnowflakeHook"}
{"timestamp":"2026-09-21T10:07:26.585778","level":"info","event":"Rows affected: 1","logger":"airflow.task.hooks.airflow.providers.snowflake.hooks.snowflake.SnowflakeHook"}
{"timestamp":"2026-09-21T10:07:26.586682","level":"info","event":"Rows affected: 1","logger":"airflow.task.hooks.airflow.providers.snowflake.hooks.snowflake.SnowflakeHook"}
{"timestamp":"2026-09-21T10:07:26.586784","level":"info","event":"Snowflake query id: 01c7377f-3203-6726-0018-501200023c86","logger":"airflow.task.hooks.airflow.providers.snowflake.hooks.snowflake.SnowflakeHook"}
{"timestamp":"2026-09-21T10:07:26.704684","level":"info","event":"result: [[('Statement executed successfully.',)], [('Copy executed with 0 files processed.',)], [('Copy executed with 0 files processed.',)], [('Copy executed with 0 files processed.',)], [('Copy executed with 0 files processed.',)], [('Copy executed with 0 files processed.',)], [('Copy executed with 0 files processed.',)], [('Copy executed with 0 files processed.',)]]","logger":"airflow.task.operators.airflow.providers.common.sql.operators.sql.SQLExecuteQueryOperator"}
{"timestamp":"2026-09-21T10:07:26.705372","level":"info","event":"Pushing xcom","ti":"RuntimeTaskInstance(id=UUID('01a0c36f-2f52-73f0-a396-4e1ef36d952a'), task_id='reload_raw', dag_id='swiggy_batch', run_id='manual__2026-09-21T10:07:18.846679+00:00', try_number=1, map_index=-1, hostname='9687693ea353', context_carrier=None, task=<Task(SQLExecuteQueryOperator): reload_raw>, bundle_instance=LocalDagBundle(name=dags-folder), max_tries=0, start_date=datetime.datetime(2026, 9, 21, 10, 7, 19, 811748, tzinfo=datetime.timezone.utc), end_date=None, state=<TaskInstanceState.RUNNING: 'running'>, is_mapped=False, rendered_map_index=None, log_url='http://localhost:8080/dags/swiggy_batch/runs/manual__2026-09-21T10%3A07%3A18.846679%2B00%3A00/tasks/reload_raw?try_number=1')","logger":"task"}
