{"timestamp":"2026-09-21T10:12:40.958236","level":"info","event":"DAG bundles loaded: dags-folder","logger":"airflow.dag_processing.bundles.manager.DagBundlesManager"}
{"timestamp":"2026-09-21T10:12:40.958923","level":"info","event":"Filling up the DagBag from /opt/airflow/dags/swiggy_batch.py","logger":"airflow.models.dagbag.DagBag"}
{"timestamp":"2026-09-21T10:12:41.035516","level":"info","event":"Executing: ['USE WAREHOUSE SWIGGY_WH', \"COPY INTO SWIGGY.RAW.restaurants FROM @SWIGGY.RAW.SWIGGY_RAW_STAGE/restaurants/  ON_ERROR='CONTINUE'\", \"COPY INTO SWIGGY.RAW.users       FROM @SWIGGY.RAW.SWIGGY_RAW_STAGE/users/        ON_ERROR='CONTINUE'\", \"COPY INTO SWIGGY.RAW.food        FROM @SWIGGY.RAW.SWIGGY_RAW_STAGE/food/         ON_ERROR='CONTINUE'\", \"COPY INTO SWIGGY.RAW.menu        FROM @SWIGGY.RAW.SWIGGY_RAW_STAGE/menu/         ON_ERROR='CONTINUE'\", 'COPY INTO SWIGGY.RAW.orders      FROM @SWIGGY.RAW.SWIGGY_RAW_STAGE/orders/', 'COPY INTO SWIGGY.RAW.order_items FROM @SWIGGY.RAW.SWIGGY_RAW_STAGE/order_items/', 'COPY INTO SWIGGY.RAW.reviews     FROM @SWIGGY.RAW.SWIGGY_RAW_STAGE/reviews/']","logger":"airflow.task.operators.airflow.providers.common.sql.operators.sql.SQLExecuteQueryOperator"}
{"timestamp":"2026-09-21T10:12:41.038330","level":"warning","event":"empty cryptography key - values will not be stored encrypted.","logger":"airflow.models.crypto"}
{"timestamp":"2026-09-21T10:12:41.039119","level":"info","event":"Connection Retrieved 'snowflake_default'","logger":"airflow.hooks.base"}
{"timestamp":"2026-09-21T10:12:41.625354","level":"info","event":"Connection Retrieved 'snowflake_default'","logger":"airflow.hooks.base"}
{"timestamp":"2026-09-21T10:12:41.625600","level":"info","event":"Snowflake Connector for Python Version: 3.16.0, Python Version: 3.12.11, Platform: Linux-6.12.76-linuxkit-aarch64-with-glibc2.36","logger":"snowflake.connector.connection"}
{"timestamp":"2026-09-21T10:12:41.626157","level":"info","event":"Connecting to GLOBAL Snowflake domain","logger":"snowflake.connector.connection"}
{"timestamp":"2026-09-21T10:12:42.350031","level":"info","event":"Running statement: USE WAREHOUSE SWIGGY_WH, parameters: None","logger":"airflow.task.hooks.airflow.providers.snowflake.hooks.snowflake.SnowflakeHook"}
{"timestamp":"2026-09-21T10:12:42.350588","level":"info","event":"Running statement: USE WAREHOUSE SWIGGY_WH, parameters: None","logger":"airflow.task.hooks.airflow.providers.snowflake.hooks.snowflake.SnowflakeHook"}
{"timestamp":"2026-09-21T10:12:42.504789","level":"info","event":"Rows affected: 1","logger":"airflow.task.hooks.airflow.providers.snowflake.hooks.snowflake.SnowflakeHook"}
{"timestamp":"2026-09-21T10:12:42.505275","level":"info","event":"Rows affected: 1","logger":"airflow.task.hooks.airflow.providers.snowflake.hooks.snowflake.SnowflakeHook"}
{"timestamp":"2026-09-21T10:12:42.505560","level":"info","event":"Snowflake query id: 01c73784-3203-6726-0018-501200023d06","logger":"airflow.task.hooks.airflow.providers.snowflake.hooks.snowflake.SnowflakeHook"}
{"timestamp":"2026-09-21T10:12:42.505659","level":"info","event":"Running statement: COPY INTO SWIGGY.RAW.restaurants FROM @SWIGGY.RAW.SWIGGY_RAW_STAGE/restaurants/  ON_ERROR='CONTINUE', parameters: None","logger":"airflow.task.hooks.airflow.providers.snowflake.hooks.snowflake.SnowflakeHook"}
{"timestamp":"2026-09-21T10:12:42.505746","level":"info","event":"Running statement: COPY INTO SWIGGY.RAW.restaurants FROM @SWIGGY.RAW.SWIGGY_RAW_STAGE/restaurants/  ON_ERROR='CONTINUE', parameters: None","logger":"airflow.task.hooks.airflow.providers.snowflake.hooks.snowflake.SnowflakeHook"}
{"timestamp":"2026-09-21T10:12:43.246668","level":"info","event":"Rows affected: 1","logger":"airflow.task.hooks.airflow.providers.snowflake.hooks.snowflake.SnowflakeHook"}
{"timestamp":"2026-09-21T10:12:43.246888","level":"info","event":"Rows affected: 1","logger":"airflow.task.hooks.airflow.providers.snowflake.hooks.snowflake.SnowflakeHook"}
{"timestamp":"2026-09-21T10:12:43.246944","level":"info","event":"Snowflake query id: 01c73784-3203-6726-0018-501200023d0a","logger":"airflow.task.hooks.airflow.providers.snowflake.hooks.snowflake.SnowflakeHook"}
{"timestamp":"2026-09-21T10:12:43.246992","level":"info","event":"Running statement: COPY INTO SWIGGY.RAW.users       FROM @SWIGGY.RAW.SWIGGY_RAW_STAGE/users/        ON_ERROR='CONTINUE', parameters: None","logger":"airflow.task.hooks.airflow.providers.snowflake.hooks.snowflake.SnowflakeHook"}
{"timestamp":"2026-09-21T10:12:43.247036","level":"info","event":"Running statement: COPY INTO SWIGGY.RAW.users       FROM @SWIGGY.RAW.SWIGGY_RAW_STAGE/users/        ON_ERROR='CONTINUE', parameters: None","logger":"airflow.task.hooks.airflow.providers.snowflake.hooks.snowflake.SnowflakeHook"}
{"timestamp":"2026-09-21T10:12:43.746056","level":"info","event":"Rows affected: 1","logger":"airflow.task.hooks.airflow.providers.snowflake.hooks.snowflake.SnowflakeHook"}
{"timestamp":"2026-09-21T10:12:43.746450","level":"info","event":"Rows affected: 1","logger":"airflow.task.hooks.airflow.providers.snowflake.hooks.snowflake.SnowflakeHook"}
{"timestamp":"2026-09-21T10:12:43.746565","level":"info","event":"Snowflake query id: 01c73784-3203-6726-0018-501200023d0e","logger":"airflow.task.hooks.airflow.providers.snowflake.hooks.snowflake.SnowflakeHook"}
{"timestamp":"2026-09-21T10:12:43.746667","level":"info","event":"Running statement: COPY INTO SWIGGY.RAW.food        FROM @SWIGGY.RAW.SWIGGY_RAW_STAGE/food/         ON_ERROR='CONTINUE', parameters: None","logger":"airflow.task.hooks.airflow.providers.snowflake.hooks.snowflake.SnowflakeHook"}
{"timestamp":"2026-09-21T10:12:43.746752","level":"info","event":"Running statement: COPY INTO SWIGGY.RAW.food        FROM @SWIGGY.RAW.SWIGGY_RAW_STAGE/food/         ON_ERROR='CONTINUE', parameters: None","logger":"airflow.task.hooks.airflow.providers.snowflake.hooks.snowflake.SnowflakeHook"}
{"timestamp":"2026-09-21T10:12:44.270191","level":"info","event":"Rows affected: 1","logger":"airflow.task.hooks.airflow.providers.snowflake.hooks.snowflake.SnowflakeHook"}
{"timestamp":"2026-09-21T10:12:44.270367","level":"info","event":"Rows affected: 1","logger":"airflow.task.hooks.airflow.providers.snowflake.hooks.snowflake.SnowflakeHook"}
{"timestamp":"2026-09-21T10:12:44.270417","level":"info","event":"Snowflake query id: 01c73784-3203-6726-0018-501200023d12","logger":"airflow.task.hooks.airflow.providers.snowflake.hooks.snowflake.SnowflakeHook"}
{"timestamp":"2026-09-21T10:12:44.270454","level":"info","event":"Running statement: COPY INTO SWIGGY.RAW.menu        FROM @SWIGGY.RAW.SWIGGY_RAW_STAGE/menu/         ON_ERROR='CONTINUE', parameters: None","logger":"airflow.task.hooks.airflow.providers.snowflake.hooks.snowflake.SnowflakeHook"}
{"timestamp":"2026-09-21T10:12:44.270488","level":"info","event":"Running statement: COPY INTO SWIGGY.RAW.menu        FROM @SWIGGY.RAW.SWIGGY_RAW_STAGE/menu/         ON_ERROR='CONTINUE', parameters: None","logger":"airflow.task.hooks.airflow.providers.snowflake.hooks.snowflake.SnowflakeHook"}
{"timestamp":"2026-09-21T10:12:44.958173","level":"info","event":"Rows affected: 1","logger":"airflow.task.hooks.airflow.providers.snowflake.hooks.snowflake.SnowflakeHook"}
{"timestamp":"2026-09-21T10:12:44.958908","level":"info","event":"Rows affected: 1","logger":"airflow.task.hooks.airflow.providers.snowflake.hooks.snowflake.SnowflakeHook"}
{"timestamp":"2026-09-21T10:12:44.959025","level":"info","event":"Snowflake query id: 01c73784-3203-6739-0018-5012000286fe","logger":"airflow.task.hooks.airflow.providers.snowflake.hooks.snowflake.SnowflakeHook"}
{"timestamp":"2026-09-21T10:12:44.959094","level":"info","event":"Running statement: COPY INTO SWIGGY.RAW.orders      FROM @SWIGGY.RAW.SWIGGY_RAW_STAGE/orders/, parameters: None","logger":"airflow.task.hooks.airflow.providers.snowflake.hooks.snowflake.SnowflakeHook"}
{"timestamp":"2026-09-21T10:12:44.959148","level":"info","event":"Running statement: COPY INTO SWIGGY.RAW.orders      FROM @SWIGGY.RAW.SWIGGY_RAW_STAGE/orders/, parameters: None","logger":"airflow.task.hooks.airflow.providers.snowflake.hooks.snowflake.SnowflakeHook"}
{"timestamp":"2026-09-21T10:12:45.421896","level":"info","event":"Rows affected: 1","logger":"airflow.task.hooks.airflow.providers.snowflake.hooks.snowflake.SnowflakeHook"}
{"timestamp":"2026-09-21T10:12:45.422832","level":"info","event":"Rows affected: 1","logger":"airflow.task.hooks.airflow.providers.snowflake.hooks.snowflake.SnowflakeHook"}
{"timestamp":"2026-09-21T10:12:45.422965","level":"info","event":"Snowflake query id: 01c73784-3203-6739-0018-501200028702","logger":"airflow.task.hooks.airflow.providers.snowflake.hooks.snowflake.SnowflakeHook"}
{"timestamp":"2026-09-21T10:12:45.423079","level":"info","event":"Running statement: COPY INTO SWIGGY.RAW.order_items FROM @SWIGGY.RAW.SWIGGY_RAW_STAGE/order_items/, parameters: None","logger":"airflow.task.hooks.airflow.providers.snowflake.hooks.snowflake.SnowflakeHook"}
{"timestamp":"2026-09-21T10:12:45.423264","level":"info","event":"Running statement: COPY INTO SWIGGY.RAW.order_items FROM @SWIGGY.RAW.SWIGGY_RAW_STAGE/order_items/, parameters: None","logger":"airflow.task.hooks.airflow.providers.snowflake.hooks.snowflake.SnowflakeHook"}
{"timestamp":"2026-09-21T10:12:46.113722","level":"info","event":"Rows affected: 1","logger":"airflow.task.hooks.airflow.providers.snowflake.hooks.snowflake.SnowflakeHook"}
{"timestamp":"2026-09-21T10:12:46.114066","level":"info","event":"Rows affected: 1","logger":"airflow.task.hooks.airflow.providers.snowflake.hooks.snowflake.SnowflakeHook"}
{"timestamp":"2026-09-21T10:12:46.114208","level":"info","event":"Snowflake query id: 01c73784-3203-6726-0018-501200023d16","logger":"airflow.task.hooks.airflow.providers.snowflake.hooks.snowflake.SnowflakeHook"}
{"timestamp":"2026-09-21T10:12:46.114343","level":"info","event":"Running statement: COPY INTO SWIGGY.RAW.reviews     FROM @SWIGGY.RAW.SWIGGY_RAW_STAGE/reviews/, parameters: None","logger":"airflow.task.hooks.airflow.providers.snowflake.hooks.snowflake.SnowflakeHook"}
{"timestamp":"2026-09-21T10:12:46.114477","level":"info","event":"Running statement: COPY INTO SWIGGY.RAW.reviews     FROM @SWIGGY.RAW.SWIGGY_RAW_STAGE/reviews/, parameters: None","logger":"airflow.task.hooks.airflow.providers.snowflake.hooks.snowflake.SnowflakeHook"}
{"timestamp":"2026-09-21T10:12:46.589976","level":"info","event":"Rows affected: 1","logger":"airflow.task.hooks.airflow.providers.snowflake.hooks.snowflake.SnowflakeHook"}
{"timestamp":"2026-09-21T10:12:46.590820","level":"info","event":"Rows affected: 1","logger":"airflow.task.hooks.airflow.providers.snowflake.hooks.snowflake.SnowflakeHook"}
{"timestamp":"2026-09-21T10:12:46.590968","level":"info","event":"Snowflake query id: 01c73784-3203-6739-0018-501200028706","logger":"airflow.task.hooks.airflow.providers.snowflake.hooks.snowflake.SnowflakeHook"}
{"timestamp":"2026-09-21T10:12:46.768399","level":"info","event":"result: [[('Statement executed successfully.',)], [('Copy executed with 0 files processed.',)], [('Copy executed with 0 files processed.',)], [('Copy executed with 0 files processed.',)], [('Copy executed with 0 files processed.',)], [('Copy executed with 0 files processed.',)], [('Copy executed with 0 files processed.',)], [('Copy executed with 0 files processed.',)]]","logger":"airflow.task.operators.airflow.providers.common.sql.operators.sql.SQLExecuteQueryOperator"}
{"timestamp":"2026-09-21T10:12:46.769824","level":"info","event":"Pushing xcom","ti":"RuntimeTaskInstance(id=UUID('01a0c374-0e88-710f-a27a-6ceb4ae6bde7'), task_id='reload_raw', dag_id='swiggy_batch', run_id='manual__2026-09-21T10:07:18.846679+00:00', try_number=2, map_index=-1, hostname='9687693ea353', context_carrier=None, task=<Task(SQLExecuteQueryOperator): reload_raw>, bundle_instance=LocalDagBundle(name=dags-folder), max_tries=1, start_date=datetime.datetime(2026, 9, 21, 10, 12, 40, 893206, tzinfo=datetime.timezone.utc), end_date=None, state=<TaskInstanceState.RUNNING: 'running'>, is_mapped=False, rendered_map_index=None, log_url='http://localhost:8080/dags/swiggy_batch/runs/manual__2026-09-21T10%3A07%3A18.846679%2B00%3A00/tasks/reload_raw?try_number=2')","logger":"task"}
