{"timestamp":"2026-09-21T08:28:56.024029","level":"info","event":"DAG bundles loaded: dags-folder","logger":"airflow.dag_processing.bundles.manager.DagBundlesManager"}
{"timestamp":"2026-09-21T08:28:56.024540","level":"info","event":"Filling up the DagBag from /opt/airflow/dags/swiggy_batch.py","logger":"airflow.models.dagbag.DagBag"}
{"timestamp":"2026-09-21T08:28:56.249873","level":"info","event":"Executing: ['USE WAREHOUSE SWIGGY_WH', \"COPY INTO SWIGGY.RAW.restaurants FROM @SWIGGY.RAW.SWIGGY_RAW_STAGE/restaurants/  ON_ERROR='CONTINUE'\", \"COPY INTO SWIGGY.RAW.users       FROM @SWIGGY.RAW.SWIGGY_RAW_STAGE/users/        ON_ERROR='CONTINUE'\", \"COPY INTO SWIGGY.RAW.food        FROM @SWIGGY.RAW.SWIGGY_RAW_STAGE/food/         ON_ERROR='CONTINUE'\", \"COPY INTO SWIGGY.RAW.menu        FROM @SWIGGY.RAW.SWIGGY_RAW_STAGE/menu/         ON_ERROR='CONTINUE'\", 'COPY INTO SWIGGY.RAW.orders      FROM @SWIGGY.RAW.SWIGGY_RAW_STAGE/orders/', 'COPY INTO SWIGGY.RAW.order_items FROM @SWIGGY.RAW.SWIGGY_RAW_STAGE/order_items/', 'COPY INTO SWIGGY.RAW.reviews     FROM @SWIGGY.RAW.SWIGGY_RAW_STAGE/reviews/']","logger":"airflow.task.operators.airflow.providers.common.sql.operators.sql.SQLExecuteQueryOperator"}
{"timestamp":"2026-09-21T08:28:56.251918","level":"warning","event":"empty cryptography key - values will not be stored encrypted.","logger":"airflow.models.crypto"}
{"timestamp":"2026-09-21T08:28:56.252448","level":"info","event":"Connection Retrieved 'snowflake_default'","logger":"airflow.hooks.base"}
{"timestamp":"2026-09-21T08:28:56.668035","level":"info","event":"Connection Retrieved 'snowflake_default'","logger":"airflow.hooks.base"}
{"timestamp":"2026-09-21T08:28:56.668486","level":"info","event":"Snowflake Connector for Python Version: 3.16.0, Python Version: 3.12.11, Platform: Linux-6.12.76-linuxkit-aarch64-with-glibc2.36","logger":"snowflake.connector.connection"}
{"timestamp":"2026-09-21T08:28:56.668852","level":"info","event":"Connecting to GLOBAL Snowflake domain","logger":"snowflake.connector.connection"}
{"timestamp":"2026-09-21T08:28:57.601120","level":"info","event":"Running statement: USE WAREHOUSE SWIGGY_WH, parameters: None","logger":"airflow.task.hooks.airflow.providers.snowflake.hooks.snowflake.SnowflakeHook"}
{"timestamp":"2026-09-21T08:28:57.601527","level":"info","event":"Running statement: USE WAREHOUSE SWIGGY_WH, parameters: None","logger":"airflow.task.hooks.airflow.providers.snowflake.hooks.snowflake.SnowflakeHook"}
{"timestamp":"2026-09-21T08:28:57.692674","level":"info","event":"Rows affected: 1","logger":"airflow.task.hooks.airflow.providers.snowflake.hooks.snowflake.SnowflakeHook"}
{"timestamp":"2026-09-21T08:28:57.693133","level":"info","event":"Rows affected: 1","logger":"airflow.task.hooks.airflow.providers.snowflake.hooks.snowflake.SnowflakeHook"}
{"timestamp":"2026-09-21T08:28:57.693188","level":"info","event":"Snowflake query id: 01c7371c-3203-6726-0018-50120002394e","logger":"airflow.task.hooks.airflow.providers.snowflake.hooks.snowflake.SnowflakeHook"}
{"timestamp":"2026-09-21T08:28:57.693226","level":"info","event":"Running statement: COPY INTO SWIGGY.RAW.restaurants FROM @SWIGGY.RAW.SWIGGY_RAW_STAGE/restaurants/  ON_ERROR='CONTINUE', parameters: None","logger":"airflow.task.hooks.airflow.providers.snowflake.hooks.snowflake.SnowflakeHook"}
{"timestamp":"2026-09-21T08:28:57.693275","level":"info","event":"Running statement: COPY INTO SWIGGY.RAW.restaurants FROM @SWIGGY.RAW.SWIGGY_RAW_STAGE/restaurants/  ON_ERROR='CONTINUE', parameters: None","logger":"airflow.task.hooks.airflow.providers.snowflake.hooks.snowflake.SnowflakeHook"}
{"timestamp":"2026-09-21T08:28:58.856779","level":"info","event":"Rows affected: 1","logger":"airflow.task.hooks.airflow.providers.snowflake.hooks.snowflake.SnowflakeHook"}
{"timestamp":"2026-09-21T08:28:58.857856","level":"info","event":"Rows affected: 1","logger":"airflow.task.hooks.airflow.providers.snowflake.hooks.snowflake.SnowflakeHook"}
{"timestamp":"2026-09-21T08:28:58.857984","level":"info","event":"Snowflake query id: 01c7371c-3203-6739-0018-501200028376","logger":"airflow.task.hooks.airflow.providers.snowflake.hooks.snowflake.SnowflakeHook"}
{"timestamp":"2026-09-21T08:28:58.858120","level":"info","event":"Running statement: COPY INTO SWIGGY.RAW.users       FROM @SWIGGY.RAW.SWIGGY_RAW_STAGE/users/        ON_ERROR='CONTINUE', parameters: None","logger":"airflow.task.hooks.airflow.providers.snowflake.hooks.snowflake.SnowflakeHook"}
{"timestamp":"2026-09-21T08:28:58.858193","level":"info","event":"Running statement: COPY INTO SWIGGY.RAW.users       FROM @SWIGGY.RAW.SWIGGY_RAW_STAGE/users/        ON_ERROR='CONTINUE', parameters: None","logger":"airflow.task.hooks.airflow.providers.snowflake.hooks.snowflake.SnowflakeHook"}
{"timestamp":"2026-09-21T08:28:59.573789","level":"info","event":"Rows affected: 1","logger":"airflow.task.hooks.airflow.providers.snowflake.hooks.snowflake.SnowflakeHook"}
{"timestamp":"2026-09-21T08:28:59.574664","level":"info","event":"Rows affected: 1","logger":"airflow.task.hooks.airflow.providers.snowflake.hooks.snowflake.SnowflakeHook"}
{"timestamp":"2026-09-21T08:28:59.574755","level":"info","event":"Snowflake query id: 01c7371c-3203-6726-0018-501200023952","logger":"airflow.task.hooks.airflow.providers.snowflake.hooks.snowflake.SnowflakeHook"}
{"timestamp":"2026-09-21T08:28:59.574823","level":"info","event":"Running statement: COPY INTO SWIGGY.RAW.food        FROM @SWIGGY.RAW.SWIGGY_RAW_STAGE/food/         ON_ERROR='CONTINUE', parameters: None","logger":"airflow.task.hooks.airflow.providers.snowflake.hooks.snowflake.SnowflakeHook"}
{"timestamp":"2026-09-21T08:28:59.574882","level":"info","event":"Running statement: COPY INTO SWIGGY.RAW.food        FROM @SWIGGY.RAW.SWIGGY_RAW_STAGE/food/         ON_ERROR='CONTINUE', parameters: None","logger":"airflow.task.hooks.airflow.providers.snowflake.hooks.snowflake.SnowflakeHook"}
{"timestamp":"2026-09-21T08:29:00.086578","level":"info","event":"Rows affected: 1","logger":"airflow.task.hooks.airflow.providers.snowflake.hooks.snowflake.SnowflakeHook"}
{"timestamp":"2026-09-21T08:29:00.087402","level":"info","event":"Rows affected: 1","logger":"airflow.task.hooks.airflow.providers.snowflake.hooks.snowflake.SnowflakeHook"}
{"timestamp":"2026-09-21T08:29:00.087544","level":"info","event":"Snowflake query id: 01c7371c-3203-6739-0018-50120002837a","logger":"airflow.task.hooks.airflow.providers.snowflake.hooks.snowflake.SnowflakeHook"}
{"timestamp":"2026-09-21T08:29:00.087625","level":"info","event":"Running statement: COPY INTO SWIGGY.RAW.menu        FROM @SWIGGY.RAW.SWIGGY_RAW_STAGE/menu/         ON_ERROR='CONTINUE', parameters: None","logger":"airflow.task.hooks.airflow.providers.snowflake.hooks.snowflake.SnowflakeHook"}
{"timestamp":"2026-09-21T08:29:00.087699","level":"info","event":"Running statement: COPY INTO SWIGGY.RAW.menu        FROM @SWIGGY.RAW.SWIGGY_RAW_STAGE/menu/         ON_ERROR='CONTINUE', parameters: None","logger":"airflow.task.hooks.airflow.providers.snowflake.hooks.snowflake.SnowflakeHook"}
{"timestamp":"2026-09-21T08:29:00.599231","level":"info","event":"Rows affected: 1","logger":"airflow.task.hooks.airflow.providers.snowflake.hooks.snowflake.SnowflakeHook"}
{"timestamp":"2026-09-21T08:29:00.599646","level":"info","event":"Rows affected: 1","logger":"airflow.task.hooks.airflow.providers.snowflake.hooks.snowflake.SnowflakeHook"}
{"timestamp":"2026-09-21T08:29:00.599749","level":"info","event":"Snowflake query id: 01c7371d-3203-6739-0018-50120002837e","logger":"airflow.task.hooks.airflow.providers.snowflake.hooks.snowflake.SnowflakeHook"}
{"timestamp":"2026-09-21T08:29:00.599880","level":"info","event":"Running statement: COPY INTO SWIGGY.RAW.orders      FROM @SWIGGY.RAW.SWIGGY_RAW_STAGE/orders/, parameters: None","logger":"airflow.task.hooks.airflow.providers.snowflake.hooks.snowflake.SnowflakeHook"}
{"timestamp":"2026-09-21T08:29:00.599960","level":"info","event":"Running statement: COPY INTO SWIGGY.RAW.orders      FROM @SWIGGY.RAW.SWIGGY_RAW_STAGE/orders/, parameters: None","logger":"airflow.task.hooks.airflow.providers.snowflake.hooks.snowflake.SnowflakeHook"}
{"timestamp":"2026-09-21T08:29:01.112455","level":"info","event":"Rows affected: 1","logger":"airflow.task.hooks.airflow.providers.snowflake.hooks.snowflake.SnowflakeHook"}
{"timestamp":"2026-09-21T08:29:01.113600","level":"info","event":"Rows affected: 1","logger":"airflow.task.hooks.airflow.providers.snowflake.hooks.snowflake.SnowflakeHook"}
{"timestamp":"2026-09-21T08:29:01.113734","level":"info","event":"Snowflake query id: 01c7371d-3203-6726-0018-501200023956","logger":"airflow.task.hooks.airflow.providers.snowflake.hooks.snowflake.SnowflakeHook"}
{"timestamp":"2026-09-21T08:29:01.113813","level":"info","event":"Running statement: COPY INTO SWIGGY.RAW.order_items FROM @SWIGGY.RAW.SWIGGY_RAW_STAGE/order_items/, parameters: None","logger":"airflow.task.hooks.airflow.providers.snowflake.hooks.snowflake.SnowflakeHook"}
{"timestamp":"2026-09-21T08:29:01.113931","level":"info","event":"Running statement: COPY INTO SWIGGY.RAW.order_items FROM @SWIGGY.RAW.SWIGGY_RAW_STAGE/order_items/, parameters: None","logger":"airflow.task.hooks.airflow.providers.snowflake.hooks.snowflake.SnowflakeHook"}
{"timestamp":"2026-09-21T08:29:01.520078","level":"info","event":"Rows affected: 1","logger":"airflow.task.hooks.airflow.providers.snowflake.hooks.snowflake.SnowflakeHook"}
{"timestamp":"2026-09-21T08:29:01.523808","level":"info","event":"Rows affected: 1","logger":"airflow.task.hooks.airflow.providers.snowflake.hooks.snowflake.SnowflakeHook"}
{"timestamp":"2026-09-21T08:29:01.523963","level":"info","event":"Snowflake query id: 01c7371d-3203-6726-0018-50120002395a","logger":"airflow.task.hooks.airflow.providers.snowflake.hooks.snowflake.SnowflakeHook"}
{"timestamp":"2026-09-21T08:29:01.524110","level":"info","event":"Running statement: COPY INTO SWIGGY.RAW.reviews     FROM @SWIGGY.RAW.SWIGGY_RAW_STAGE/reviews/, parameters: None","logger":"airflow.task.hooks.airflow.providers.snowflake.hooks.snowflake.SnowflakeHook"}
{"timestamp":"2026-09-21T08:29:01.524209","level":"info","event":"Running statement: COPY INTO SWIGGY.RAW.reviews     FROM @SWIGGY.RAW.SWIGGY_RAW_STAGE/reviews/, parameters: None","logger":"airflow.task.hooks.airflow.providers.snowflake.hooks.snowflake.SnowflakeHook"}
{"timestamp":"2026-09-21T08:29:02.051237","level":"info","event":"Rows affected: 1","logger":"airflow.task.hooks.airflow.providers.snowflake.hooks.snowflake.SnowflakeHook"}
{"timestamp":"2026-09-21T08:29:02.051370","level":"info","event":"Rows affected: 1","logger":"airflow.task.hooks.airflow.providers.snowflake.hooks.snowflake.SnowflakeHook"}
{"timestamp":"2026-09-21T08:29:02.051410","level":"info","event":"Snowflake query id: 01c7371d-3203-6739-0018-501200028382","logger":"airflow.task.hooks.airflow.providers.snowflake.hooks.snowflake.SnowflakeHook"}
{"timestamp":"2026-09-21T08:29:02.162885","level":"info","event":"result: [[('Statement executed successfully.',)], [('Copy executed with 0 files processed.',)], [('Copy executed with 0 files processed.',)], [('Copy executed with 0 files processed.',)], [('Copy executed with 0 files processed.',)], [('Copy executed with 0 files processed.',)], [('Copy executed with 0 files processed.',)], [('Copy executed with 0 files processed.',)]]","logger":"airflow.task.operators.airflow.providers.common.sql.operators.sql.SQLExecuteQueryOperator"}
{"timestamp":"2026-09-21T08:29:02.163521","level":"info","event":"Pushing xcom","ti":"RuntimeTaskInstance(id=UUID('01a0c315-178f-7db2-b82f-f447e39c8df1'), task_id='reload_raw', dag_id='swiggy_batch', run_id='manual__2026-09-21T08:28:54.527396+00:00', try_number=1, map_index=-1, hostname='229c0ebcc231', context_carrier=None, task=<Task(SQLExecuteQueryOperator): reload_raw>, bundle_instance=LocalDagBundle(name=dags-folder), max_tries=0, start_date=datetime.datetime(2026, 9, 21, 8, 28, 55, 426444, tzinfo=datetime.timezone.utc), end_date=None, state=<TaskInstanceState.RUNNING: 'running'>, is_mapped=False, rendered_map_index=None, log_url='http://localhost:8080/dags/swiggy_batch/runs/manual__2026-09-21T08%3A28%3A54.527396%2B00%3A00/tasks/reload_raw?try_number=1')","logger":"task"}
