{"timestamp":"2026-09-20T23:27:42.133756","level":"info","event":"DAG bundles loaded: dags-folder","logger":"airflow.dag_processing.bundles.manager.DagBundlesManager"}
{"timestamp":"2026-09-20T23:27:42.134680","level":"info","event":"Filling up the DagBag from /opt/airflow/dags/swiggy_batch.py","logger":"airflow.models.dagbag.DagBag"}
{"timestamp":"2026-09-20T23:27:42.641928","level":"info","event":"Executing: ['USE WAREHOUSE SWIGGY_WH', \"COPY INTO SWIGGY.RAW.restaurants FROM @SWIGGY.RAW.SWIGGY_RAW_STAGE/restaurants/  ON_ERROR='CONTINUE'\", \"COPY INTO SWIGGY.RAW.users       FROM @SWIGGY.RAW.SWIGGY_RAW_STAGE/users/        ON_ERROR='CONTINUE'\", \"COPY INTO SWIGGY.RAW.food        FROM @SWIGGY.RAW.SWIGGY_RAW_STAGE/food/         ON_ERROR='CONTINUE'\", \"COPY INTO SWIGGY.RAW.menu        FROM @SWIGGY.RAW.SWIGGY_RAW_STAGE/menu/         ON_ERROR='CONTINUE'\", 'COPY INTO SWIGGY.RAW.orders      FROM @SWIGGY.RAW.SWIGGY_RAW_STAGE/orders/', 'COPY INTO SWIGGY.RAW.order_items FROM @SWIGGY.RAW.SWIGGY_RAW_STAGE/order_items/', 'COPY INTO SWIGGY.RAW.reviews     FROM @SWIGGY.RAW.SWIGGY_RAW_STAGE/reviews/']","logger":"airflow.task.operators.airflow.providers.common.sql.operators.sql.SQLExecuteQueryOperator"}
{"timestamp":"2026-09-20T23:27:42.644346","level":"warning","event":"empty cryptography key - values will not be stored encrypted.","logger":"airflow.models.crypto"}
{"timestamp":"2026-09-20T23:27:42.644944","level":"info","event":"Connection Retrieved 'snowflake_default'","logger":"airflow.hooks.base"}
{"timestamp":"2026-09-20T23:27:43.113786","level":"info","event":"Connection Retrieved 'snowflake_default'","logger":"airflow.hooks.base"}
{"timestamp":"2026-09-20T23:27:43.114307","level":"info","event":"Snowflake Connector for Python Version: 3.16.0, Python Version: 3.12.11, Platform: Linux-6.12.76-linuxkit-aarch64-with-glibc2.36","logger":"snowflake.connector.connection"}
{"timestamp":"2026-09-20T23:27:43.114676","level":"info","event":"Connecting to GLOBAL Snowflake domain","logger":"snowflake.connector.connection"}
{"timestamp":"2026-09-20T23:27:44.198341","level":"info","event":"Running statement: USE WAREHOUSE SWIGGY_WH, parameters: None","logger":"airflow.task.hooks.airflow.providers.snowflake.hooks.snowflake.SnowflakeHook"}
{"timestamp":"2026-09-20T23:27:44.198472","level":"info","event":"Running statement: USE WAREHOUSE SWIGGY_WH, parameters: None","logger":"airflow.task.hooks.airflow.providers.snowflake.hooks.snowflake.SnowflakeHook"}
{"timestamp":"2026-09-20T23:27:44.372647","level":"info","event":"Rows affected: 1","logger":"airflow.task.hooks.airflow.providers.snowflake.hooks.snowflake.SnowflakeHook"}
{"timestamp":"2026-09-20T23:27:44.373659","level":"info","event":"Rows affected: 1","logger":"airflow.task.hooks.airflow.providers.snowflake.hooks.snowflake.SnowflakeHook"}
{"timestamp":"2026-09-20T23:27:44.373814","level":"info","event":"Snowflake query id: 01c734ff-3203-6739-0018-5012000281f6","logger":"airflow.task.hooks.airflow.providers.snowflake.hooks.snowflake.SnowflakeHook"}
{"timestamp":"2026-09-20T23:27:44.373933","level":"info","event":"Running statement: COPY INTO SWIGGY.RAW.restaurants FROM @SWIGGY.RAW.SWIGGY_RAW_STAGE/restaurants/  ON_ERROR='CONTINUE', parameters: None","logger":"airflow.task.hooks.airflow.providers.snowflake.hooks.snowflake.SnowflakeHook"}
{"timestamp":"2026-09-20T23:27:44.388945","level":"info","event":"Running statement: COPY INTO SWIGGY.RAW.restaurants FROM @SWIGGY.RAW.SWIGGY_RAW_STAGE/restaurants/  ON_ERROR='CONTINUE', parameters: None","logger":"airflow.task.hooks.airflow.providers.snowflake.hooks.snowflake.SnowflakeHook"}
{"timestamp":"2026-09-20T23:27:46.921919","level":"info","event":"Rows affected: 1","logger":"airflow.task.hooks.airflow.providers.snowflake.hooks.snowflake.SnowflakeHook"}
{"timestamp":"2026-09-20T23:27:46.922518","level":"info","event":"Rows affected: 1","logger":"airflow.task.hooks.airflow.providers.snowflake.hooks.snowflake.SnowflakeHook"}
{"timestamp":"2026-09-20T23:27:46.922709","level":"info","event":"Snowflake query id: 01c734ff-3203-6739-0018-5012000281fa","logger":"airflow.task.hooks.airflow.providers.snowflake.hooks.snowflake.SnowflakeHook"}
{"timestamp":"2026-09-20T23:27:46.922867","level":"info","event":"Running statement: COPY INTO SWIGGY.RAW.users       FROM @SWIGGY.RAW.SWIGGY_RAW_STAGE/users/        ON_ERROR='CONTINUE', parameters: None","logger":"airflow.task.hooks.airflow.providers.snowflake.hooks.snowflake.SnowflakeHook"}
{"timestamp":"2026-09-20T23:27:46.922974","level":"info","event":"Running statement: COPY INTO SWIGGY.RAW.users       FROM @SWIGGY.RAW.SWIGGY_RAW_STAGE/users/        ON_ERROR='CONTINUE', parameters: None","logger":"airflow.task.hooks.airflow.providers.snowflake.hooks.snowflake.SnowflakeHook"}
{"timestamp":"2026-09-20T23:27:49.061259","level":"info","event":"Rows affected: 1","logger":"airflow.task.hooks.airflow.providers.snowflake.hooks.snowflake.SnowflakeHook"}
{"timestamp":"2026-09-20T23:27:49.061693","level":"info","event":"Rows affected: 1","logger":"airflow.task.hooks.airflow.providers.snowflake.hooks.snowflake.SnowflakeHook"}
{"timestamp":"2026-09-20T23:27:49.061872","level":"info","event":"Snowflake query id: 01c734ff-3203-6726-0018-501200023826","logger":"airflow.task.hooks.airflow.providers.snowflake.hooks.snowflake.SnowflakeHook"}
{"timestamp":"2026-09-20T23:27:49.062299","level":"info","event":"Running statement: COPY INTO SWIGGY.RAW.food        FROM @SWIGGY.RAW.SWIGGY_RAW_STAGE/food/         ON_ERROR='CONTINUE', parameters: None","logger":"airflow.task.hooks.airflow.providers.snowflake.hooks.snowflake.SnowflakeHook"}
{"timestamp":"2026-09-20T23:27:49.062395","level":"info","event":"Running statement: COPY INTO SWIGGY.RAW.food        FROM @SWIGGY.RAW.SWIGGY_RAW_STAGE/food/         ON_ERROR='CONTINUE', parameters: None","logger":"airflow.task.hooks.airflow.providers.snowflake.hooks.snowflake.SnowflakeHook"}
{"timestamp":"2026-09-20T23:27:49.547176","level":"info","event":"Rows affected: 1","logger":"airflow.task.hooks.airflow.providers.snowflake.hooks.snowflake.SnowflakeHook"}
{"timestamp":"2026-09-20T23:27:49.547496","level":"info","event":"Rows affected: 1","logger":"airflow.task.hooks.airflow.providers.snowflake.hooks.snowflake.SnowflakeHook"}
{"timestamp":"2026-09-20T23:27:49.547549","level":"info","event":"Snowflake query id: 01c734ff-3203-6726-0018-50120002382a","logger":"airflow.task.hooks.airflow.providers.snowflake.hooks.snowflake.SnowflakeHook"}
{"timestamp":"2026-09-20T23:27:49.547584","level":"info","event":"Running statement: COPY INTO SWIGGY.RAW.menu        FROM @SWIGGY.RAW.SWIGGY_RAW_STAGE/menu/         ON_ERROR='CONTINUE', parameters: None","logger":"airflow.task.hooks.airflow.providers.snowflake.hooks.snowflake.SnowflakeHook"}
{"timestamp":"2026-09-20T23:27:49.547617","level":"info","event":"Running statement: COPY INTO SWIGGY.RAW.menu        FROM @SWIGGY.RAW.SWIGGY_RAW_STAGE/menu/         ON_ERROR='CONTINUE', parameters: None","logger":"airflow.task.hooks.airflow.providers.snowflake.hooks.snowflake.SnowflakeHook"}
{"timestamp":"2026-09-20T23:27:50.052703","level":"info","event":"Rows affected: 1","logger":"airflow.task.hooks.airflow.providers.snowflake.hooks.snowflake.SnowflakeHook"}
{"timestamp":"2026-09-20T23:27:50.053900","level":"info","event":"Rows affected: 1","logger":"airflow.task.hooks.airflow.providers.snowflake.hooks.snowflake.SnowflakeHook"}
{"timestamp":"2026-09-20T23:27:50.054261","level":"info","event":"Snowflake query id: 01c734ff-3203-6726-0018-50120002382e","logger":"airflow.task.hooks.airflow.providers.snowflake.hooks.snowflake.SnowflakeHook"}
{"timestamp":"2026-09-20T23:27:50.054415","level":"info","event":"Running statement: COPY INTO SWIGGY.RAW.orders      FROM @SWIGGY.RAW.SWIGGY_RAW_STAGE/orders/, parameters: None","logger":"airflow.task.hooks.airflow.providers.snowflake.hooks.snowflake.SnowflakeHook"}
{"timestamp":"2026-09-20T23:27:50.054530","level":"info","event":"Running statement: COPY INTO SWIGGY.RAW.orders      FROM @SWIGGY.RAW.SWIGGY_RAW_STAGE/orders/, parameters: None","logger":"airflow.task.hooks.airflow.providers.snowflake.hooks.snowflake.SnowflakeHook"}
{"timestamp":"2026-09-20T23:27:50.576360","level":"info","event":"Rows affected: 1","logger":"airflow.task.hooks.airflow.providers.snowflake.hooks.snowflake.SnowflakeHook"}
{"timestamp":"2026-09-20T23:27:50.577658","level":"info","event":"Rows affected: 1","logger":"airflow.task.hooks.airflow.providers.snowflake.hooks.snowflake.SnowflakeHook"}
{"timestamp":"2026-09-20T23:27:50.577888","level":"info","event":"Snowflake query id: 01c734ff-3203-6739-0018-5012000281fe","logger":"airflow.task.hooks.airflow.providers.snowflake.hooks.snowflake.SnowflakeHook"}
{"timestamp":"2026-09-20T23:27:50.578023","level":"info","event":"Running statement: COPY INTO SWIGGY.RAW.order_items FROM @SWIGGY.RAW.SWIGGY_RAW_STAGE/order_items/, parameters: None","logger":"airflow.task.hooks.airflow.providers.snowflake.hooks.snowflake.SnowflakeHook"}
{"timestamp":"2026-09-20T23:27:50.578088","level":"info","event":"Running statement: COPY INTO SWIGGY.RAW.order_items FROM @SWIGGY.RAW.SWIGGY_RAW_STAGE/order_items/, parameters: None","logger":"airflow.task.hooks.airflow.providers.snowflake.hooks.snowflake.SnowflakeHook"}
{"timestamp":"2026-09-20T23:27:51.080123","level":"info","event":"Rows affected: 1","logger":"airflow.task.hooks.airflow.providers.snowflake.hooks.snowflake.SnowflakeHook"}
{"timestamp":"2026-09-20T23:27:51.081201","level":"info","event":"Rows affected: 1","logger":"airflow.task.hooks.airflow.providers.snowflake.hooks.snowflake.SnowflakeHook"}
{"timestamp":"2026-09-20T23:27:51.081372","level":"info","event":"Snowflake query id: 01c734ff-3203-6726-0018-501200023832","logger":"airflow.task.hooks.airflow.providers.snowflake.hooks.snowflake.SnowflakeHook"}
{"timestamp":"2026-09-20T23:27:51.081449","level":"info","event":"Running statement: COPY INTO SWIGGY.RAW.reviews     FROM @SWIGGY.RAW.SWIGGY_RAW_STAGE/reviews/, parameters: None","logger":"airflow.task.hooks.airflow.providers.snowflake.hooks.snowflake.SnowflakeHook"}
{"timestamp":"2026-09-20T23:27:51.081522","level":"info","event":"Running statement: COPY INTO SWIGGY.RAW.reviews     FROM @SWIGGY.RAW.SWIGGY_RAW_STAGE/reviews/, parameters: None","logger":"airflow.task.hooks.airflow.providers.snowflake.hooks.snowflake.SnowflakeHook"}
{"timestamp":"2026-09-20T23:27:51.594701","level":"info","event":"Rows affected: 1","logger":"airflow.task.hooks.airflow.providers.snowflake.hooks.snowflake.SnowflakeHook"}
{"timestamp":"2026-09-20T23:27:51.595039","level":"info","event":"Rows affected: 1","logger":"airflow.task.hooks.airflow.providers.snowflake.hooks.snowflake.SnowflakeHook"}
{"timestamp":"2026-09-20T23:27:51.595133","level":"info","event":"Snowflake query id: 01c734ff-3203-6726-0018-501200023836","logger":"airflow.task.hooks.airflow.providers.snowflake.hooks.snowflake.SnowflakeHook"}
{"timestamp":"2026-09-20T23:27:51.842292","level":"info","event":"result: [[('Statement executed successfully.',)], [('Copy executed with 0 files processed.',)], [('Copy executed with 0 files processed.',)], [('Copy executed with 0 files processed.',)], [('Copy executed with 0 files processed.',)], [('Copy executed with 0 files processed.',)], [('Copy executed with 0 files processed.',)], [('Copy executed with 0 files processed.',)]]","logger":"airflow.task.operators.airflow.providers.common.sql.operators.sql.SQLExecuteQueryOperator"}
{"timestamp":"2026-09-20T23:27:51.844796","level":"info","event":"Pushing xcom","ti":"RuntimeTaskInstance(id=UUID('01a0c125-95d3-79ed-98cf-219bf80deadc'), task_id='reload_raw', dag_id='swiggy_batch', run_id='manual__2026-09-20T23:27:40.992713+00:00', try_number=1, map_index=-1, hostname='714c5198d066', context_carrier=None, task=<Task(SQLExecuteQueryOperator): reload_raw>, bundle_instance=LocalDagBundle(name=dags-folder), max_tries=0, start_date=datetime.datetime(2026, 9, 20, 23, 27, 41, 203805, tzinfo=datetime.timezone.utc), end_date=None, state=<TaskInstanceState.RUNNING: 'running'>, is_mapped=False, rendered_map_index=None, log_url='http://localhost:8080/dags/swiggy_batch/runs/manual__2026-09-20T23%3A27%3A40.992713%2B00%3A00/tasks/reload_raw?try_number=1')","logger":"task"}
