{"timestamp":"2026-09-21T09:58:12.308261","level":"info","event":"DAG bundles loaded: dags-folder","logger":"airflow.dag_processing.bundles.manager.DagBundlesManager"}
{"timestamp":"2026-09-21T09:58:12.308765","level":"info","event":"Filling up the DagBag from /opt/airflow/dags/swiggy_batch.py","logger":"airflow.models.dagbag.DagBag"}
{"timestamp":"2026-09-21T09:58:12.341276","level":"info","event":"Tmp dir root location: /tmp","logger":"airflow.task.hooks.airflow.providers.standard.hooks.subprocess.SubprocessHook"}
{"timestamp":"2026-09-21T09:58:12.341921","level":"info","event":"Running command: ['/usr/bin/bash', '-c', '/opt/airflow/dbt_venv/bin/dbt build --exclude tag:ai --project-dir /opt/airflow/dbt/swiggy --profiles-dir /opt/airflow/dbt/swiggy']","logger":"airflow.task.hooks.airflow.providers.standard.hooks.subprocess.SubprocessHook"}
{"timestamp":"2026-09-21T09:58:12.346913","level":"info","event":"Output:","logger":"airflow.task.hooks.airflow.providers.standard.hooks.subprocess.SubprocessHook"}
{"timestamp":"2026-09-21T09:58:14.537831","level":"info","event":"\u001b[0m09:58:14  Running with dbt=1.12.5","logger":"airflow.task.hooks.airflow.providers.standard.hooks.subprocess.SubprocessHook"}
{"timestamp":"2026-09-21T09:58:15.091207","level":"info","event":"\u001b[0m09:58:15  Registered adapter: snowflake=1.8.4","logger":"airflow.task.hooks.airflow.providers.standard.hooks.subprocess.SubprocessHook"}
{"timestamp":"2026-09-21T09:58:15.322855","level":"info","event":"\u001b[0m09:58:15  [\u001b[33mWARNING\u001b[0m]: Configuration paths exist in your dbt_project.yml file which do not apply to any resources.","logger":"airflow.task.hooks.airflow.providers.standard.hooks.subprocess.SubprocessHook"}
{"timestamp":"2026-09-21T09:58:15.322959","level":"info","event":"There are 1 unused configuration paths:","logger":"airflow.task.hooks.airflow.providers.standard.hooks.subprocess.SubprocessHook"}
{"timestamp":"2026-09-21T09:58:15.322998","level":"info","event":"- models.snapshot.swiggy","logger":"airflow.task.hooks.airflow.providers.standard.hooks.subprocess.SubprocessHook"}
{"timestamp":"2026-09-21T09:58:15.493916","level":"info","event":"\u001b[0m09:58:15  Found 17 models, 16 data tests, 8 sources, 506 macros","logger":"airflow.task.hooks.airflow.providers.standard.hooks.subprocess.SubprocessHook"}
{"timestamp":"2026-09-21T09:58:15.497305","level":"info","event":"\u001b[0m09:58:15","logger":"airflow.task.hooks.airflow.providers.standard.hooks.subprocess.SubprocessHook"}
{"timestamp":"2026-09-21T09:58:15.497713","level":"info","event":"\u001b[0m09:58:15  Concurrency: 8 threads (target='dev')","logger":"airflow.task.hooks.airflow.providers.standard.hooks.subprocess.SubprocessHook"}
{"timestamp":"2026-09-21T09:58:15.498083","level":"info","event":"\u001b[0m09:58:15","logger":"airflow.task.hooks.airflow.providers.standard.hooks.subprocess.SubprocessHook"}
{"timestamp":"2026-09-21T09:58:21.368671","level":"info","event":"\u001b[0m09:58:21  1 of 32 START sql table model marts.dim_date ................................... [RUN]","logger":"airflow.task.hooks.airflow.providers.standard.hooks.subprocess.SubprocessHook"}
{"timestamp":"2026-09-21T09:58:21.370187","level":"info","event":"\u001b[0m09:58:21  2 of 32 START sql view model staging.stg_food .................................. [RUN]","logger":"airflow.task.hooks.airflow.providers.standard.hooks.subprocess.SubprocessHook"}
{"timestamp":"2026-09-21T09:58:21.372381","level":"info","event":"\u001b[0m09:58:21  3 of 32 START sql view model staging.stg_menu .................................. [RUN]","logger":"airflow.task.hooks.airflow.providers.standard.hooks.subprocess.SubprocessHook"}
{"timestamp":"2026-09-21T09:58:21.373686","level":"info","event":"\u001b[0m09:58:21  4 of 32 START sql view model staging.stg_order_items ........................... [RUN]","logger":"airflow.task.hooks.airflow.providers.standard.hooks.subprocess.SubprocessHook"}
{"timestamp":"2026-09-21T09:58:21.374405","level":"info","event":"\u001b[0m09:58:21  5 of 32 START sql view model staging.stg_orders ................................ [RUN]","logger":"airflow.task.hooks.airflow.providers.standard.hooks.subprocess.SubprocessHook"}
{"timestamp":"2026-09-21T09:58:21.375639","level":"info","event":"\u001b[0m09:58:21  6 of 32 START sql view model staging.stg_restaurants ........................... [RUN]","logger":"airflow.task.hooks.airflow.providers.standard.hooks.subprocess.SubprocessHook"}
{"timestamp":"2026-09-21T09:58:21.376139","level":"info","event":"\u001b[0m09:58:21  7 of 32 START sql view model staging.stg_users ................................. [RUN]","logger":"airflow.task.hooks.airflow.providers.standard.hooks.subprocess.SubprocessHook"}
{"timestamp":"2026-09-21T09:58:22.275888","level":"info","event":"\u001b[0m09:58:22  4 of 32 OK created sql view model staging.stg_order_items ...................... [\u001b[32mSUCCESS 1\u001b[0m in 0.90s]","logger":"airflow.task.hooks.airflow.providers.standard.hooks.subprocess.SubprocessHook"}
{"timestamp":"2026-09-21T09:58:22.277965","level":"info","event":"\u001b[0m09:58:22  8 of 32 START test not_null_stg_order_items_order_item_id ...................... [RUN]","logger":"airflow.task.hooks.airflow.providers.standard.hooks.subprocess.SubprocessHook"}
{"timestamp":"2026-09-21T09:58:22.278349","level":"info","event":"\u001b[0m09:58:22  9 of 32 START test unique_stg_order_items_order_item_id ........................ [RUN]","logger":"airflow.task.hooks.airflow.providers.standard.hooks.subprocess.SubprocessHook"}
{"timestamp":"2026-09-21T09:58:22.306068","level":"info","event":"\u001b[0m09:58:22  6 of 32 OK created sql view model staging.stg_restaurants ...................... [\u001b[32mSUCCESS 1\u001b[0m in 0.92s]","logger":"airflow.task.hooks.airflow.providers.standard.hooks.subprocess.SubprocessHook"}
{"timestamp":"2026-09-21T09:58:22.306832","level":"info","event":"\u001b[0m09:58:22  7 of 32 OK created sql view model staging.stg_users ............................ [\u001b[32mSUCCESS 1\u001b[0m in 0.92s]","logger":"airflow.task.hooks.airflow.providers.standard.hooks.subprocess.SubprocessHook"}
{"timestamp":"2026-09-21T09:58:22.307786","level":"info","event":"\u001b[0m09:58:22  3 of 32 OK created sql view model staging.stg_menu ............................. [\u001b[32mSUCCESS 1\u001b[0m in 0.93s]","logger":"airflow.task.hooks.airflow.providers.standard.hooks.subprocess.SubprocessHook"}
{"timestamp":"2026-09-21T09:58:22.308688","level":"info","event":"\u001b[0m09:58:22  2 of 32 OK created sql view model staging.stg_food ............................. [\u001b[32mSUCCESS 1\u001b[0m in 0.93s]","logger":"airflow.task.hooks.airflow.providers.standard.hooks.subprocess.SubprocessHook"}
{"timestamp":"2026-09-21T09:58:22.309224","level":"info","event":"\u001b[0m09:58:22  5 of 32 OK created sql view model staging.stg_orders ........................... [\u001b[32mSUCCESS 1\u001b[0m in 0.93s]","logger":"airflow.task.hooks.airflow.providers.standard.hooks.subprocess.SubprocessHook"}
{"timestamp":"2026-09-21T09:58:22.333598","level":"info","event":"\u001b[0m09:58:22  10 of 32 START test not_null_stg_restaurants_restaurant_id ..................... [RUN]","logger":"airflow.task.hooks.airflow.providers.standard.hooks.subprocess.SubprocessHook"}
{"timestamp":"2026-09-21T09:58:22.334130","level":"info","event":"\u001b[0m09:58:22  11 of 32 START test unique_stg_restaurants_restaurant_id ....................... [RUN]","logger":"airflow.task.hooks.airflow.providers.standard.hooks.subprocess.SubprocessHook"}
{"timestamp":"2026-09-21T09:58:22.335841","level":"info","event":"\u001b[0m09:58:22  12 of 32 START test not_null_stg_users_customer_id ............................. [RUN]","logger":"airflow.task.hooks.airflow.providers.standard.hooks.subprocess.SubprocessHook"}
{"timestamp":"2026-09-21T09:58:22.336781","level":"info","event":"\u001b[0m09:58:22  14 of 32 START sql table model marts.dim_food .................................. [RUN]","logger":"airflow.task.hooks.airflow.providers.standard.hooks.subprocess.SubprocessHook"}
{"timestamp":"2026-09-21T09:58:22.338800","level":"info","event":"\u001b[0m09:58:22  13 of 32 START test unique_stg_users_customer_id ............................... [RUN]","logger":"airflow.task.hooks.airflow.providers.standard.hooks.subprocess.SubprocessHook"}
{"timestamp":"2026-09-21T09:58:22.615259","level":"info","event":"\u001b[0m09:58:22  1 of 32 OK created sql table model marts.dim_date .............................. [\u001b[32mSUCCESS 1\u001b[0m in 1.24s]","logger":"airflow.task.hooks.airflow.providers.standard.hooks.subprocess.SubprocessHook"}
{"timestamp":"2026-09-21T09:58:22.616719","level":"info","event":"\u001b[0m09:58:22  15 of 32 START test not_null_stg_orders_customer_id ............................ [RUN]","logger":"airflow.task.hooks.airflow.providers.standard.hooks.subprocess.SubprocessHook"}
{"timestamp":"2026-09-21T09:58:22.986261","level":"info","event":"\u001b[0m09:58:22  8 of 32 PASS not_null_stg_order_items_order_item_id ............................ [\u001b[32mPASS\u001b[0m in 0.71s]","logger":"airflow.task.hooks.airflow.providers.standard.hooks.subprocess.SubprocessHook"}
{"timestamp":"2026-09-21T09:58:22.988577","level":"info","event":"\u001b[0m09:58:22  16 of 32 START test not_null_stg_orders_order_id ............................... [RUN]","logger":"airflow.task.hooks.airflow.providers.standard.hooks.subprocess.SubprocessHook"}
{"timestamp":"2026-09-21T09:58:23.027600","level":"info","event":"\u001b[0m09:58:23  10 of 32 PASS not_null_stg_restaurants_restaurant_id ........................... [\u001b[32mPASS\u001b[0m in 0.69s]","logger":"airflow.task.hooks.airflow.providers.standard.hooks.subprocess.SubprocessHook"}
{"timestamp":"2026-09-21T09:58:23.029049","level":"info","event":"\u001b[0m09:58:23  17 of 32 START test not_null_stg_orders_restaurant_id .......................... [RUN]","logger":"airflow.task.hooks.airflow.providers.standard.hooks.subprocess.SubprocessHook"}
{"timestamp":"2026-09-21T09:58:23.057417","level":"info","event":"\u001b[0m09:58:23  12 of 32 PASS not_null_stg_users_customer_id ................................... [\u001b[32mPASS\u001b[0m in 0.72s]","logger":"airflow.task.hooks.airflow.providers.standard.hooks.subprocess.SubprocessHook"}
{"timestamp":"2026-09-21T09:58:23.065225","level":"info","event":"\u001b[0m09:58:23  18 of 32 START test unique_stg_orders_order_id ................................. [RUN]","logger":"airflow.task.hooks.airflow.providers.standard.hooks.subprocess.SubprocessHook"}
{"timestamp":"2026-09-21T09:58:23.228641","level":"info","event":"\u001b[0m09:58:23  15 of 32 PASS not_null_stg_orders_customer_id .................................. [\u001b[32mPASS\u001b[0m in 0.61s]","logger":"airflow.task.hooks.airflow.providers.standard.hooks.subprocess.SubprocessHook"}
{"timestamp":"2026-09-21T09:58:23.239957","level":"info","event":"\u001b[0m09:58:23  13 of 32 PASS unique_stg_users_customer_id ..................................... [\u001b[32mPASS\u001b[0m in 0.90s]","logger":"airflow.task.hooks.airflow.providers.standard.hooks.subprocess.SubprocessHook"}
{"timestamp":"2026-09-21T09:58:23.241715","level":"info","event":"\u001b[0m09:58:23  19 of 32 START sql table model marts.dim_customer .............................. [RUN]","logger":"airflow.task.hooks.airflow.providers.standard.hooks.subprocess.SubprocessHook"}
{"timestamp":"2026-09-21T09:58:23.259892","level":"info","event":"\u001b[0m09:58:23  11 of 32 PASS unique_stg_restaurants_restaurant_id ............................. [\u001b[32mPASS\u001b[0m in 0.92s]","logger":"airflow.task.hooks.airflow.providers.standard.hooks.subprocess.SubprocessHook"}
{"timestamp":"2026-09-21T09:58:23.267328","level":"info","event":"\u001b[0m09:58:23  20 of 32 START sql table model marts.dim_restaurants ........................... [RUN]","logger":"airflow.task.hooks.airflow.providers.standard.hooks.subprocess.SubprocessHook"}
{"timestamp":"2026-09-21T09:58:23.271392","level":"info","event":"\u001b[0m09:58:23  21 of 32 START sql view model staging.stg_reviews .............................. [RUN]","logger":"airflow.task.hooks.airflow.providers.standard.hooks.subprocess.SubprocessHook"}
{"timestamp":"2026-09-21T09:58:23.411878","level":"info","event":"\u001b[0m09:58:23  9 of 32 PASS unique_stg_order_items_order_item_id .............................. [\u001b[32mPASS\u001b[0m in 1.13s]","logger":"airflow.task.hooks.airflow.providers.standard.hooks.subprocess.SubprocessHook"}
{"timestamp":"2026-09-21T09:58:23.540842","level":"info","event":"\u001b[0m09:58:23  16 of 32 PASS not_null_stg_orders_order_id ..................................... [\u001b[32mPASS\u001b[0m in 0.55s]","logger":"airflow.task.hooks.airflow.providers.standard.hooks.subprocess.SubprocessHook"}
{"timestamp":"2026-09-21T09:58:23.553263","level":"info","event":"\u001b[0m09:58:23  17 of 32 PASS not_null_stg_orders_restaurant_id ................................ [\u001b[32mPASS\u001b[0m in 0.52s]","logger":"airflow.task.hooks.airflow.providers.standard.hooks.subprocess.SubprocessHook"}
{"timestamp":"2026-09-21T09:58:23.911092","level":"info","event":"\u001b[0m09:58:23  18 of 32 PASS unique_stg_orders_order_id ....................................... [\u001b[32mPASS\u001b[0m in 0.84s]","logger":"airflow.task.hooks.airflow.providers.standard.hooks.subprocess.SubprocessHook"}
{"timestamp":"2026-09-21T09:58:23.913806","level":"info","event":"\u001b[0m09:58:23  22 of 32 START sql incremental model marts.fact_order_items .................... [RUN]","logger":"airflow.task.hooks.airflow.providers.standard.hooks.subprocess.SubprocessHook"}
{"timestamp":"2026-09-21T09:58:23.914589","level":"info","event":"\u001b[0m09:58:23  23 of 32 START sql incremental model marts.fct_orders .......................... [RUN]","logger":"airflow.task.hooks.airflow.providers.standard.hooks.subprocess.SubprocessHook"}
{"timestamp":"2026-09-21T09:58:23.993299","level":"info","event":"\u001b[0m09:58:23  21 of 32 OK created sql view model staging.stg_reviews ......................... [\u001b[32mSUCCESS 1\u001b[0m in 0.72s]","logger":"airflow.task.hooks.airflow.providers.standard.hooks.subprocess.SubprocessHook"}
{"timestamp":"2026-09-21T09:58:24.004999","level":"info","event":"\u001b[0m09:58:24  24 of 32 START test not_null_stg_reviews_review_id ............................. [RUN]","logger":"airflow.task.hooks.airflow.providers.standard.hooks.subprocess.SubprocessHook"}
{"timestamp":"2026-09-21T09:58:24.005765","level":"info","event":"\u001b[0m09:58:24  25 of 32 START test unique_stg_reviews_review_id ............................... [RUN]","logger":"airflow.task.hooks.airflow.providers.standard.hooks.subprocess.SubprocessHook"}
{"timestamp":"2026-09-21T09:58:24.230058","level":"info","event":"\u001b[0m09:58:24  14 of 32 OK created sql table model marts.dim_food ............................. [\u001b[32mSUCCESS 1\u001b[0m in 1.89s]","logger":"airflow.task.hooks.airflow.providers.standard.hooks.subprocess.SubprocessHook"}
{"timestamp":"2026-09-21T09:58:24.597630","level":"info","event":"\u001b[0m09:58:24  24 of 32 PASS not_null_stg_reviews_review_id ................................... [\u001b[32mPASS\u001b[0m in 0.59s]","logger":"airflow.task.hooks.airflow.providers.standard.hooks.subprocess.SubprocessHook"}
{"timestamp":"2026-09-21T09:58:24.615903","level":"info","event":"\u001b[0m09:58:24  20 of 32 OK created sql table model marts.dim_restaurants ...................... [\u001b[32mSUCCESS 1\u001b[0m in 1.34s]","logger":"airflow.task.hooks.airflow.providers.standard.hooks.subprocess.SubprocessHook"}
{"timestamp":"2026-09-21T09:58:24.702403","level":"info","event":"\u001b[0m09:58:24  19 of 32 OK created sql table model marts.dim_customer ......................... [\u001b[32mSUCCESS 1\u001b[0m in 1.46s]","logger":"airflow.task.hooks.airflow.providers.standard.hooks.subprocess.SubprocessHook"}
{"timestamp":"2026-09-21T09:58:24.800964","level":"info","event":"\u001b[0m09:58:24  25 of 32 PASS unique_stg_reviews_review_id ..................................... [\u001b[32mPASS\u001b[0m in 0.79s]","logger":"airflow.task.hooks.airflow.providers.standard.hooks.subprocess.SubprocessHook"}
{"timestamp":"2026-09-21T09:58:25.716610","level":"info","event":"\u001b[0m09:58:25  23 of 32 OK created sql incremental model marts.fct_orders ..................... [\u001b[32mSUCCESS 0\u001b[0m in 1.80s]","logger":"airflow.task.hooks.airflow.providers.standard.hooks.subprocess.SubprocessHook"}
{"timestamp":"2026-09-21T09:58:25.721006","level":"info","event":"\u001b[0m09:58:25  26 of 32 START test accepted_values_fct_orders_order_status__Delivered__Cancelled__Refunded  [RUN]","logger":"airflow.task.hooks.airflow.providers.standard.hooks.subprocess.SubprocessHook"}
{"timestamp":"2026-09-21T09:58:25.722272","level":"info","event":"\u001b[0m09:58:25  27 of 32 START test not_null_fct_orders_order_id ............................... [RUN]","logger":"airflow.task.hooks.airflow.providers.standard.hooks.subprocess.SubprocessHook"}
{"timestamp":"2026-09-21T09:58:25.722973","level":"info","event":"\u001b[0m09:58:25  28 of 32 START test relationships_fct_orders_customer_id__customer_id__ref_dim_customer_  [RUN]","logger":"airflow.task.hooks.airflow.providers.standard.hooks.subprocess.SubprocessHook"}
{"timestamp":"2026-09-21T09:58:25.724898","level":"info","event":"\u001b[0m09:58:25  29 of 32 START test unique_fct_orders_order_id ................................. [RUN]","logger":"airflow.task.hooks.airflow.providers.standard.hooks.subprocess.SubprocessHook"}
{"timestamp":"2026-09-21T09:58:26.295559","level":"info","event":"\u001b[0m09:58:26  26 of 32 PASS accepted_values_fct_orders_order_status__Delivered__Cancelled__Refunded  [\u001b[32mPASS\u001b[0m in 0.57s]","logger":"airflow.task.hooks.airflow.providers.standard.hooks.subprocess.SubprocessHook"}
{"timestamp":"2026-09-21T09:58:26.319249","level":"info","event":"\u001b[0m09:58:26  29 of 32 PASS unique_fct_orders_order_id ....................................... [\u001b[32mPASS\u001b[0m in 0.59s]","logger":"airflow.task.hooks.airflow.providers.standard.hooks.subprocess.SubprocessHook"}
{"timestamp":"2026-09-21T09:58:26.327928","level":"info","event":"\u001b[0m09:58:26  27 of 32 PASS not_null_fct_orders_order_id ..................................... [\u001b[32mPASS\u001b[0m in 0.60s]","logger":"airflow.task.hooks.airflow.providers.standard.hooks.subprocess.SubprocessHook"}
{"timestamp":"2026-09-21T09:58:26.330318","level":"info","event":"\u001b[0m09:58:26  30 of 32 START sql table model marts.mart_daily_city_revenune .................. [RUN]","logger":"airflow.task.hooks.airflow.providers.standard.hooks.subprocess.SubprocessHook"}
{"timestamp":"2026-09-21T09:58:26.330951","level":"info","event":"\u001b[0m09:58:26  31 of 32 START sql table model marts.mart_delivery_sla ......................... [RUN]","logger":"airflow.task.hooks.airflow.providers.standard.hooks.subprocess.SubprocessHook"}
{"timestamp":"2026-09-21T09:58:26.331454","level":"info","event":"\u001b[0m09:58:26  32 of 32 START sql table model marts.mart_restaurant_performance ............... [RUN]","logger":"airflow.task.hooks.airflow.providers.standard.hooks.subprocess.SubprocessHook"}
{"timestamp":"2026-09-21T09:58:26.351189","level":"info","event":"\u001b[0m09:58:26  22 of 32 OK created sql incremental model marts.fact_order_items ............... [\u001b[32mSUCCESS 0\u001b[0m in 2.43s]","logger":"airflow.task.hooks.airflow.providers.standard.hooks.subprocess.SubprocessHook"}
{"timestamp":"2026-09-21T09:58:26.710013","level":"info","event":"\u001b[0m09:58:26  28 of 32 PASS relationships_fct_orders_customer_id__customer_id__ref_dim_customer_  [\u001b[32mPASS\u001b[0m in 0.98s]","logger":"airflow.task.hooks.airflow.providers.standard.hooks.subprocess.SubprocessHook"}
{"timestamp":"2026-09-21T09:58:28.423034","level":"info","event":"\u001b[0m09:58:28  30 of 32 OK created sql table model marts.mart_daily_city_revenune ............. [\u001b[32mSUCCESS 1\u001b[0m in 2.09s]","logger":"airflow.task.hooks.airflow.providers.standard.hooks.subprocess.SubprocessHook"}
{"timestamp":"2026-09-21T09:58:28.689309","level":"info","event":"\u001b[0m09:58:28  31 of 32 OK created sql table model marts.mart_delivery_sla .................... [\u001b[32mSUCCESS 1\u001b[0m in 2.36s]","logger":"airflow.task.hooks.airflow.providers.standard.hooks.subprocess.SubprocessHook"}
{"timestamp":"2026-09-21T09:58:28.765661","level":"info","event":"\u001b[0m09:58:28  32 of 32 OK created sql table model marts.mart_restaurant_performance .......... [\u001b[32mSUCCESS 1\u001b[0m in 2.43s]","logger":"airflow.task.hooks.airflow.providers.standard.hooks.subprocess.SubprocessHook"}
{"timestamp":"2026-09-21T09:58:28.773533","level":"info","event":"\u001b[0m09:58:28","logger":"airflow.task.hooks.airflow.providers.standard.hooks.subprocess.SubprocessHook"}
{"timestamp":"2026-09-21T09:58:28.774098","level":"info","event":"\u001b[0m09:58:28  Finished running 2 incremental models, 7 table models, 16 data tests, 7 view models in 0 hours 0 minutes and 13.27 seconds (13.27s).","logger":"airflow.task.hooks.airflow.providers.standard.hooks.subprocess.SubprocessHook"}
{"timestamp":"2026-09-21T09:58:28.834645","level":"info","event":"\u001b[0m09:58:28","logger":"airflow.task.hooks.airflow.providers.standard.hooks.subprocess.SubprocessHook"}
{"timestamp":"2026-09-21T09:58:28.835076","level":"info","event":"\u001b[0m09:58:28  \u001b[32mCompleted successfully\u001b[0m","logger":"airflow.task.hooks.airflow.providers.standard.hooks.subprocess.SubprocessHook"}
{"timestamp":"2026-09-21T09:58:28.835510","level":"info","event":"\u001b[0m09:58:28","logger":"airflow.task.hooks.airflow.providers.standard.hooks.subprocess.SubprocessHook"}
{"timestamp":"2026-09-21T09:58:28.835926","level":"info","event":"\u001b[0m09:58:28  Done. PASS=32 WARN=0 ERROR=0 SKIP=0 NO-OP=0 REUSED=0 TOTAL=32","logger":"airflow.task.hooks.airflow.providers.standard.hooks.subprocess.SubprocessHook"}
{"timestamp":"2026-09-21T09:58:30.491114","level":"info","event":"Command exited with return code 0","logger":"airflow.task.hooks.airflow.providers.standard.hooks.subprocess.SubprocessHook"}
{"timestamp":"2026-09-21T09:58:30.491880","level":"info","event":"Pushing xcom","ti":"RuntimeTaskInstance(id=UUID('01a0c366-9e98-7b3e-ba24-a0cd6fa1ab84'), task_id='dbt_build_core', dag_id='swiggy_batch', run_id='manual__2026-09-21T09:57:57.511019+00:00', try_number=1, map_index=-1, hostname='9687693ea353', context_carrier=None, task=<Task(BashOperator): dbt_build_core>, bundle_instance=LocalDagBundle(name=dags-folder), max_tries=0, start_date=datetime.datetime(2026, 9, 21, 9, 58, 12, 270612, tzinfo=datetime.timezone.utc), end_date=None, state=<TaskInstanceState.RUNNING: 'running'>, is_mapped=False, rendered_map_index=None, log_url='http://localhost:8080/dags/swiggy_batch/runs/manual__2026-09-21T09%3A57%3A57.511019%2B00%3A00/tasks/dbt_build_core?try_number=1')","logger":"task"}
