{"timestamp":"2026-09-20T23:50:51.316685","level":"info","event":"DAG bundles loaded: dags-folder","logger":"airflow.dag_processing.bundles.manager.DagBundlesManager"}
{"timestamp":"2026-09-20T23:50:51.317334","level":"info","event":"Filling up the DagBag from /opt/airflow/dags/swiggy_batch.py","logger":"airflow.models.dagbag.DagBag"}
{"timestamp":"2026-09-20T23:50:51.369353","level":"info","event":"Executing: ['USE WAREHOUSE SWIGGY_WH', \"COPY INTO SWIGGY.RAW.restaurants FROM @SWIGGY.RAW.SWIGGY_RAW_STAGE/restaurants/  ON_ERROR='CONTINUE'\", \"COPY INTO SWIGGY.RAW.users       FROM @SWIGGY.RAW.SWIGGY_RAW_STAGE/users/        ON_ERROR='CONTINUE'\", \"COPY INTO SWIGGY.RAW.food        FROM @SWIGGY.RAW.SWIGGY_RAW_STAGE/food/         ON_ERROR='CONTINUE'\", \"COPY INTO SWIGGY.RAW.menu        FROM @SWIGGY.RAW.SWIGGY_RAW_STAGE/menu/         ON_ERROR='CONTINUE'\", 'COPY INTO SWIGGY.RAW.orders      FROM @SWIGGY.RAW.SWIGGY_RAW_STAGE/orders/', 'COPY INTO SWIGGY.RAW.order_items FROM @SWIGGY.RAW.SWIGGY_RAW_STAGE/order_items/', 'COPY INTO SWIGGY.RAW.reviews     FROM @SWIGGY.RAW.SWIGGY_RAW_STAGE/reviews/']","logger":"airflow.task.operators.airflow.providers.common.sql.operators.sql.SQLExecuteQueryOperator"}
{"timestamp":"2026-09-20T23:50:51.373205","level":"warning","event":"empty cryptography key - values will not be stored encrypted.","logger":"airflow.models.crypto"}
{"timestamp":"2026-09-20T23:50:51.373801","level":"info","event":"Connection Retrieved 'snowflake_default'","logger":"airflow.hooks.base"}
{"timestamp":"2026-09-20T23:50:52.013439","level":"info","event":"Connection Retrieved 'snowflake_default'","logger":"airflow.hooks.base"}
{"timestamp":"2026-09-20T23:50:52.014062","level":"info","event":"Snowflake Connector for Python Version: 3.16.0, Python Version: 3.12.11, Platform: Linux-6.12.76-linuxkit-aarch64-with-glibc2.36","logger":"snowflake.connector.connection"}
{"timestamp":"2026-09-20T23:50:52.014472","level":"info","event":"Connecting to GLOBAL Snowflake domain","logger":"snowflake.connector.connection"}
{"timestamp":"2026-09-20T23:50:52.887773","level":"info","event":"Running statement: USE WAREHOUSE SWIGGY_WH, parameters: None","logger":"airflow.task.hooks.airflow.providers.snowflake.hooks.snowflake.SnowflakeHook"}
{"timestamp":"2026-09-20T23:50:52.887900","level":"info","event":"Running statement: USE WAREHOUSE SWIGGY_WH, parameters: None","logger":"airflow.task.hooks.airflow.providers.snowflake.hooks.snowflake.SnowflakeHook"}
{"timestamp":"2026-09-20T23:50:52.967904","level":"info","event":"Rows affected: 1","logger":"airflow.task.hooks.airflow.providers.snowflake.hooks.snowflake.SnowflakeHook"}
{"timestamp":"2026-09-20T23:50:52.968179","level":"info","event":"Rows affected: 1","logger":"airflow.task.hooks.airflow.providers.snowflake.hooks.snowflake.SnowflakeHook"}
{"timestamp":"2026-09-20T23:50:52.968251","level":"info","event":"Snowflake query id: 01c73516-3203-6739-0018-501200028236","logger":"airflow.task.hooks.airflow.providers.snowflake.hooks.snowflake.SnowflakeHook"}
{"timestamp":"2026-09-20T23:50:52.968330","level":"info","event":"Running statement: COPY INTO SWIGGY.RAW.restaurants FROM @SWIGGY.RAW.SWIGGY_RAW_STAGE/restaurants/  ON_ERROR='CONTINUE', parameters: None","logger":"airflow.task.hooks.airflow.providers.snowflake.hooks.snowflake.SnowflakeHook"}
{"timestamp":"2026-09-20T23:50:52.968387","level":"info","event":"Running statement: COPY INTO SWIGGY.RAW.restaurants FROM @SWIGGY.RAW.SWIGGY_RAW_STAGE/restaurants/  ON_ERROR='CONTINUE', parameters: None","logger":"airflow.task.hooks.airflow.providers.snowflake.hooks.snowflake.SnowflakeHook"}
{"timestamp":"2026-09-20T23:50:53.570065","level":"info","event":"Rows affected: 1","logger":"airflow.task.hooks.airflow.providers.snowflake.hooks.snowflake.SnowflakeHook"}
{"timestamp":"2026-09-20T23:50:53.570364","level":"info","event":"Rows affected: 1","logger":"airflow.task.hooks.airflow.providers.snowflake.hooks.snowflake.SnowflakeHook"}
{"timestamp":"2026-09-20T23:50:53.570454","level":"info","event":"Snowflake query id: 01c73516-3203-6726-0018-50120002385e","logger":"airflow.task.hooks.airflow.providers.snowflake.hooks.snowflake.SnowflakeHook"}
{"timestamp":"2026-09-20T23:50:53.570516","level":"info","event":"Running statement: COPY INTO SWIGGY.RAW.users       FROM @SWIGGY.RAW.SWIGGY_RAW_STAGE/users/        ON_ERROR='CONTINUE', parameters: None","logger":"airflow.task.hooks.airflow.providers.snowflake.hooks.snowflake.SnowflakeHook"}
{"timestamp":"2026-09-20T23:50:53.570567","level":"info","event":"Running statement: COPY INTO SWIGGY.RAW.users       FROM @SWIGGY.RAW.SWIGGY_RAW_STAGE/users/        ON_ERROR='CONTINUE', parameters: None","logger":"airflow.task.hooks.airflow.providers.snowflake.hooks.snowflake.SnowflakeHook"}
{"timestamp":"2026-09-20T23:50:54.186694","level":"info","event":"Rows affected: 1","logger":"airflow.task.hooks.airflow.providers.snowflake.hooks.snowflake.SnowflakeHook"}
{"timestamp":"2026-09-20T23:50:54.186979","level":"info","event":"Rows affected: 1","logger":"airflow.task.hooks.airflow.providers.snowflake.hooks.snowflake.SnowflakeHook"}
{"timestamp":"2026-09-20T23:50:54.187057","level":"info","event":"Snowflake query id: 01c73516-3203-6739-0018-50120002823a","logger":"airflow.task.hooks.airflow.providers.snowflake.hooks.snowflake.SnowflakeHook"}
{"timestamp":"2026-09-20T23:50:54.187133","level":"info","event":"Running statement: COPY INTO SWIGGY.RAW.food        FROM @SWIGGY.RAW.SWIGGY_RAW_STAGE/food/         ON_ERROR='CONTINUE', parameters: None","logger":"airflow.task.hooks.airflow.providers.snowflake.hooks.snowflake.SnowflakeHook"}
{"timestamp":"2026-09-20T23:50:54.187175","level":"info","event":"Running statement: COPY INTO SWIGGY.RAW.food        FROM @SWIGGY.RAW.SWIGGY_RAW_STAGE/food/         ON_ERROR='CONTINUE', parameters: None","logger":"airflow.task.hooks.airflow.providers.snowflake.hooks.snowflake.SnowflakeHook"}
{"timestamp":"2026-09-20T23:50:54.614821","level":"info","event":"Rows affected: 1","logger":"airflow.task.hooks.airflow.providers.snowflake.hooks.snowflake.SnowflakeHook"}
{"timestamp":"2026-09-20T23:50:54.615342","level":"info","event":"Rows affected: 1","logger":"airflow.task.hooks.airflow.providers.snowflake.hooks.snowflake.SnowflakeHook"}
{"timestamp":"2026-09-20T23:50:54.615485","level":"info","event":"Snowflake query id: 01c73516-3203-6726-0018-501200023862","logger":"airflow.task.hooks.airflow.providers.snowflake.hooks.snowflake.SnowflakeHook"}
{"timestamp":"2026-09-20T23:50:54.615572","level":"info","event":"Running statement: COPY INTO SWIGGY.RAW.menu        FROM @SWIGGY.RAW.SWIGGY_RAW_STAGE/menu/         ON_ERROR='CONTINUE', parameters: None","logger":"airflow.task.hooks.airflow.providers.snowflake.hooks.snowflake.SnowflakeHook"}
{"timestamp":"2026-09-20T23:50:54.615628","level":"info","event":"Running statement: COPY INTO SWIGGY.RAW.menu        FROM @SWIGGY.RAW.SWIGGY_RAW_STAGE/menu/         ON_ERROR='CONTINUE', parameters: None","logger":"airflow.task.hooks.airflow.providers.snowflake.hooks.snowflake.SnowflakeHook"}
{"timestamp":"2026-09-20T23:50:55.319175","level":"info","event":"Rows affected: 1","logger":"airflow.task.hooks.airflow.providers.snowflake.hooks.snowflake.SnowflakeHook"}
{"timestamp":"2026-09-20T23:50:55.319665","level":"info","event":"Rows affected: 1","logger":"airflow.task.hooks.airflow.providers.snowflake.hooks.snowflake.SnowflakeHook"}
{"timestamp":"2026-09-20T23:50:55.319786","level":"info","event":"Snowflake query id: 01c73516-3203-6726-0018-501200023866","logger":"airflow.task.hooks.airflow.providers.snowflake.hooks.snowflake.SnowflakeHook"}
{"timestamp":"2026-09-20T23:50:55.319876","level":"info","event":"Running statement: COPY INTO SWIGGY.RAW.orders      FROM @SWIGGY.RAW.SWIGGY_RAW_STAGE/orders/, parameters: None","logger":"airflow.task.hooks.airflow.providers.snowflake.hooks.snowflake.SnowflakeHook"}
{"timestamp":"2026-09-20T23:50:55.319946","level":"info","event":"Running statement: COPY INTO SWIGGY.RAW.orders      FROM @SWIGGY.RAW.SWIGGY_RAW_STAGE/orders/, parameters: None","logger":"airflow.task.hooks.airflow.providers.snowflake.hooks.snowflake.SnowflakeHook"}
{"timestamp":"2026-09-20T23:50:55.731372","level":"info","event":"Rows affected: 1","logger":"airflow.task.hooks.airflow.providers.snowflake.hooks.snowflake.SnowflakeHook"}
{"timestamp":"2026-09-20T23:50:55.731534","level":"info","event":"Rows affected: 1","logger":"airflow.task.hooks.airflow.providers.snowflake.hooks.snowflake.SnowflakeHook"}
{"timestamp":"2026-09-20T23:50:55.731579","level":"info","event":"Snowflake query id: 01c73516-3203-6739-0018-50120002823e","logger":"airflow.task.hooks.airflow.providers.snowflake.hooks.snowflake.SnowflakeHook"}
{"timestamp":"2026-09-20T23:50:55.731612","level":"info","event":"Running statement: COPY INTO SWIGGY.RAW.order_items FROM @SWIGGY.RAW.SWIGGY_RAW_STAGE/order_items/, parameters: None","logger":"airflow.task.hooks.airflow.providers.snowflake.hooks.snowflake.SnowflakeHook"}
{"timestamp":"2026-09-20T23:50:55.731643","level":"info","event":"Running statement: COPY INTO SWIGGY.RAW.order_items FROM @SWIGGY.RAW.SWIGGY_RAW_STAGE/order_items/, parameters: None","logger":"airflow.task.hooks.airflow.providers.snowflake.hooks.snowflake.SnowflakeHook"}
{"timestamp":"2026-09-20T23:50:56.144327","level":"info","event":"Rows affected: 1","logger":"airflow.task.hooks.airflow.providers.snowflake.hooks.snowflake.SnowflakeHook"}
{"timestamp":"2026-09-20T23:50:56.144802","level":"info","event":"Rows affected: 1","logger":"airflow.task.hooks.airflow.providers.snowflake.hooks.snowflake.SnowflakeHook"}
{"timestamp":"2026-09-20T23:50:56.144906","level":"info","event":"Snowflake query id: 01c73516-3203-6726-0018-50120002386a","logger":"airflow.task.hooks.airflow.providers.snowflake.hooks.snowflake.SnowflakeHook"}
{"timestamp":"2026-09-20T23:50:56.144979","level":"info","event":"Running statement: COPY INTO SWIGGY.RAW.reviews     FROM @SWIGGY.RAW.SWIGGY_RAW_STAGE/reviews/, parameters: None","logger":"airflow.task.hooks.airflow.providers.snowflake.hooks.snowflake.SnowflakeHook"}
{"timestamp":"2026-09-20T23:50:56.145048","level":"info","event":"Running statement: COPY INTO SWIGGY.RAW.reviews     FROM @SWIGGY.RAW.SWIGGY_RAW_STAGE/reviews/, parameters: None","logger":"airflow.task.hooks.airflow.providers.snowflake.hooks.snowflake.SnowflakeHook"}
{"timestamp":"2026-09-20T23:50:56.564653","level":"info","event":"Rows affected: 1","logger":"airflow.task.hooks.airflow.providers.snowflake.hooks.snowflake.SnowflakeHook"}
{"timestamp":"2026-09-20T23:50:56.565103","level":"info","event":"Rows affected: 1","logger":"airflow.task.hooks.airflow.providers.snowflake.hooks.snowflake.SnowflakeHook"}
{"timestamp":"2026-09-20T23:50:56.565203","level":"info","event":"Snowflake query id: 01c73516-3203-6726-0018-50120002386e","logger":"airflow.task.hooks.airflow.providers.snowflake.hooks.snowflake.SnowflakeHook"}
{"timestamp":"2026-09-20T23:50:56.762799","level":"info","event":"result: [[('Statement executed successfully.',)], [('Copy executed with 0 files processed.',)], [('Copy executed with 0 files processed.',)], [('Copy executed with 0 files processed.',)], [('Copy executed with 0 files processed.',)], [('Copy executed with 0 files processed.',)], [('Copy executed with 0 files processed.',)], [('Copy executed with 0 files processed.',)]]","logger":"airflow.task.operators.airflow.providers.common.sql.operators.sql.SQLExecuteQueryOperator"}
{"timestamp":"2026-09-20T23:50:56.763546","level":"info","event":"Pushing xcom","ti":"RuntimeTaskInstance(id=UUID('01a0c13a-c8ef-7d6f-a3c6-459b3efb8a95'), task_id='reload_raw', dag_id='swiggy_batch', run_id='manual__2026-09-20T23:50:50.332865+00:00', try_number=1, map_index=-1, hostname='8cf26eac2972', context_carrier=None, task=<Task(SQLExecuteQueryOperator): reload_raw>, bundle_instance=LocalDagBundle(name=dags-folder), max_tries=0, start_date=datetime.datetime(2026, 9, 20, 23, 50, 51, 244321, tzinfo=datetime.timezone.utc), end_date=None, state=<TaskInstanceState.RUNNING: 'running'>, is_mapped=False, rendered_map_index=None, log_url='http://localhost:8080/dags/swiggy_batch/runs/manual__2026-09-20T23%3A50%3A50.332865%2B00%3A00/tasks/reload_raw?try_number=1')","logger":"task"}
