{"timestamp":"2026-09-21T10:12:51.934076","level":"info","event":"DAG bundles loaded: dags-folder","logger":"airflow.dag_processing.bundles.manager.DagBundlesManager"}
{"timestamp":"2026-09-21T10:12:51.934676","level":"info","event":"Filling up the DagBag from /opt/airflow/dags/swiggy_batch.py","logger":"airflow.models.dagbag.DagBag"}
{"timestamp":"2026-09-21T10:12:52.266056","level":"info","event":"Tmp dir root location: /tmp","logger":"airflow.task.hooks.airflow.providers.standard.hooks.subprocess.SubprocessHook"}
{"timestamp":"2026-09-21T10:12:52.266751","level":"info","event":"Running command: ['/usr/bin/bash', '-c', '/opt/airflow/dbt_venv/bin/dbt build --exclude tag:ai --project-dir /opt/airflow/dbt/swiggy --profiles-dir /opt/airflow/dbt/swiggy']","logger":"airflow.task.hooks.airflow.providers.standard.hooks.subprocess.SubprocessHook"}
{"timestamp":"2026-09-21T10:12:52.272808","level":"info","event":"Output:","logger":"airflow.task.hooks.airflow.providers.standard.hooks.subprocess.SubprocessHook"}
{"timestamp":"2026-09-21T10:12:54.209871","level":"info","event":"\u001b[0m10:12:54  Running with dbt=1.12.5","logger":"airflow.task.hooks.airflow.providers.standard.hooks.subprocess.SubprocessHook"}
{"timestamp":"2026-09-21T10:12:54.670959","level":"info","event":"\u001b[0m10:12:54  Registered adapter: snowflake=1.8.4","logger":"airflow.task.hooks.airflow.providers.standard.hooks.subprocess.SubprocessHook"}
{"timestamp":"2026-09-21T10:12:54.871707","level":"info","event":"\u001b[0m10:12:54  [\u001b[33mWARNING\u001b[0m]: Configuration paths exist in your dbt_project.yml file which do not apply to any resources.","logger":"airflow.task.hooks.airflow.providers.standard.hooks.subprocess.SubprocessHook"}
{"timestamp":"2026-09-21T10:12:54.871829","level":"info","event":"There are 1 unused configuration paths:","logger":"airflow.task.hooks.airflow.providers.standard.hooks.subprocess.SubprocessHook"}
{"timestamp":"2026-09-21T10:12:54.871871","level":"info","event":"- models.snapshot.swiggy","logger":"airflow.task.hooks.airflow.providers.standard.hooks.subprocess.SubprocessHook"}
{"timestamp":"2026-09-21T10:12:55.036825","level":"info","event":"\u001b[0m10:12:55  Found 17 models, 16 data tests, 8 sources, 506 macros","logger":"airflow.task.hooks.airflow.providers.standard.hooks.subprocess.SubprocessHook"}
{"timestamp":"2026-09-21T10:12:55.040335","level":"info","event":"\u001b[0m10:12:55","logger":"airflow.task.hooks.airflow.providers.standard.hooks.subprocess.SubprocessHook"}
{"timestamp":"2026-09-21T10:12:55.040717","level":"info","event":"\u001b[0m10:12:55  Concurrency: 8 threads (target='dev')","logger":"airflow.task.hooks.airflow.providers.standard.hooks.subprocess.SubprocessHook"}
{"timestamp":"2026-09-21T10:12:55.041090","level":"info","event":"\u001b[0m10:12:55","logger":"airflow.task.hooks.airflow.providers.standard.hooks.subprocess.SubprocessHook"}
{"timestamp":"2026-09-21T10:12:58.927374","level":"info","event":"\u001b[0m10:12:58  1 of 32 START sql table model marts.dim_date ................................... [RUN]","logger":"airflow.task.hooks.airflow.providers.standard.hooks.subprocess.SubprocessHook"}
{"timestamp":"2026-09-21T10:12:58.929592","level":"info","event":"\u001b[0m10:12:58  2 of 32 START sql view model staging.stg_food .................................. [RUN]","logger":"airflow.task.hooks.airflow.providers.standard.hooks.subprocess.SubprocessHook"}
{"timestamp":"2026-09-21T10:12:58.932550","level":"info","event":"\u001b[0m10:12:58  3 of 32 START sql view model staging.stg_menu .................................. [RUN]","logger":"airflow.task.hooks.airflow.providers.standard.hooks.subprocess.SubprocessHook"}
{"timestamp":"2026-09-21T10:12:58.936235","level":"info","event":"\u001b[0m10:12:58  4 of 32 START sql view model staging.stg_order_items ........................... [RUN]","logger":"airflow.task.hooks.airflow.providers.standard.hooks.subprocess.SubprocessHook"}
{"timestamp":"2026-09-21T10:12:58.937383","level":"info","event":"\u001b[0m10:12:58  5 of 32 START sql view model staging.stg_orders ................................ [RUN]","logger":"airflow.task.hooks.airflow.providers.standard.hooks.subprocess.SubprocessHook"}
{"timestamp":"2026-09-21T10:12:58.939168","level":"info","event":"\u001b[0m10:12:58  6 of 32 START sql view model staging.stg_restaurants ........................... [RUN]","logger":"airflow.task.hooks.airflow.providers.standard.hooks.subprocess.SubprocessHook"}
{"timestamp":"2026-09-21T10:12:58.939961","level":"info","event":"\u001b[0m10:12:58  7 of 32 START sql view model staging.stg_users ................................. [RUN]","logger":"airflow.task.hooks.airflow.providers.standard.hooks.subprocess.SubprocessHook"}
{"timestamp":"2026-09-21T10:12:59.991215","level":"info","event":"\u001b[0m10:12:59  3 of 32 OK created sql view model staging.stg_menu ............................. [\u001b[32mSUCCESS 1\u001b[0m in 1.05s]","logger":"airflow.task.hooks.airflow.providers.standard.hooks.subprocess.SubprocessHook"}
{"timestamp":"2026-09-21T10:12:59.993513","level":"info","event":"\u001b[0m10:12:59  5 of 32 OK created sql view model staging.stg_orders ........................... [\u001b[32mSUCCESS 1\u001b[0m in 1.04s]","logger":"airflow.task.hooks.airflow.providers.standard.hooks.subprocess.SubprocessHook"}
{"timestamp":"2026-09-21T10:12:59.994728","level":"info","event":"\u001b[0m10:12:59  2 of 32 OK created sql view model staging.stg_food ............................. [\u001b[32mSUCCESS 1\u001b[0m in 1.05s]","logger":"airflow.task.hooks.airflow.providers.standard.hooks.subprocess.SubprocessHook"}
{"timestamp":"2026-09-21T10:12:59.996009","level":"info","event":"\u001b[0m10:12:59  4 of 32 OK created sql view model staging.stg_order_items ...................... [\u001b[32mSUCCESS 1\u001b[0m in 1.05s]","logger":"airflow.task.hooks.airflow.providers.standard.hooks.subprocess.SubprocessHook"}
{"timestamp":"2026-09-21T10:12:59.996784","level":"info","event":"\u001b[0m10:12:59  6 of 32 OK created sql view model staging.stg_restaurants ...................... [\u001b[32mSUCCESS 1\u001b[0m in 1.05s]","logger":"airflow.task.hooks.airflow.providers.standard.hooks.subprocess.SubprocessHook"}
{"timestamp":"2026-09-21T10:12:59.997996","level":"info","event":"\u001b[0m10:12:59  7 of 32 OK created sql view model staging.stg_users ............................ [\u001b[32mSUCCESS 1\u001b[0m in 1.05s]","logger":"airflow.task.hooks.airflow.providers.standard.hooks.subprocess.SubprocessHook"}
{"timestamp":"2026-09-21T10:13:00.003332","level":"info","event":"\u001b[0m10:13:00  8 of 32 START test not_null_stg_orders_customer_id ............................. [RUN]","logger":"airflow.task.hooks.airflow.providers.standard.hooks.subprocess.SubprocessHook"}
{"timestamp":"2026-09-21T10:13:00.004336","level":"info","event":"\u001b[0m10:13:00  9 of 32 START test not_null_stg_orders_order_id ................................ [RUN]","logger":"airflow.task.hooks.airflow.providers.standard.hooks.subprocess.SubprocessHook"}
{"timestamp":"2026-09-21T10:13:00.004855","level":"info","event":"\u001b[0m10:13:00  10 of 32 START test not_null_stg_orders_restaurant_id .......................... [RUN]","logger":"airflow.task.hooks.airflow.providers.standard.hooks.subprocess.SubprocessHook"}
{"timestamp":"2026-09-21T10:13:00.005343","level":"info","event":"\u001b[0m10:13:00  11 of 32 START test unique_stg_orders_order_id ................................. [RUN]","logger":"airflow.task.hooks.airflow.providers.standard.hooks.subprocess.SubprocessHook"}
{"timestamp":"2026-09-21T10:13:00.005834","level":"info","event":"\u001b[0m10:13:00  12 of 32 START sql table model marts.dim_food .................................. [RUN]","logger":"airflow.task.hooks.airflow.providers.standard.hooks.subprocess.SubprocessHook"}
{"timestamp":"2026-09-21T10:13:00.006343","level":"info","event":"\u001b[0m10:13:00  13 of 32 START test not_null_stg_order_items_order_item_id ..................... [RUN]","logger":"airflow.task.hooks.airflow.providers.standard.hooks.subprocess.SubprocessHook"}
{"timestamp":"2026-09-21T10:13:00.007407","level":"info","event":"\u001b[0m10:13:00  14 of 32 START test unique_stg_order_items_order_item_id ....................... [RUN]","logger":"airflow.task.hooks.airflow.providers.standard.hooks.subprocess.SubprocessHook"}
{"timestamp":"2026-09-21T10:13:00.326144","level":"info","event":"\u001b[0m10:13:00  1 of 32 OK created sql table model marts.dim_date .............................. [\u001b[32mSUCCESS 1\u001b[0m in 1.39s]","logger":"airflow.task.hooks.airflow.providers.standard.hooks.subprocess.SubprocessHook"}
{"timestamp":"2026-09-21T10:13:00.327588","level":"info","event":"\u001b[0m10:13:00  15 of 32 START test not_null_stg_restaurants_restaurant_id ..................... [RUN]","logger":"airflow.task.hooks.airflow.providers.standard.hooks.subprocess.SubprocessHook"}
{"timestamp":"2026-09-21T10:13:00.722961","level":"info","event":"\u001b[0m10:13:00  9 of 32 PASS not_null_stg_orders_order_id ...................................... [\u001b[32mPASS\u001b[0m in 0.71s]","logger":"airflow.task.hooks.airflow.providers.standard.hooks.subprocess.SubprocessHook"}
{"timestamp":"2026-09-21T10:13:00.723916","level":"info","event":"\u001b[0m10:13:00  8 of 32 PASS not_null_stg_orders_customer_id ................................... [\u001b[32mPASS\u001b[0m in 0.72s]","logger":"airflow.task.hooks.airflow.providers.standard.hooks.subprocess.SubprocessHook"}
{"timestamp":"2026-09-21T10:13:00.726896","level":"info","event":"\u001b[0m10:13:00  16 of 32 START test unique_stg_restaurants_restaurant_id ....................... [RUN]","logger":"airflow.task.hooks.airflow.providers.standard.hooks.subprocess.SubprocessHook"}
{"timestamp":"2026-09-21T10:13:00.727491","level":"info","event":"\u001b[0m10:13:00  17 of 32 START test not_null_stg_users_customer_id ............................. [RUN]","logger":"airflow.task.hooks.airflow.providers.standard.hooks.subprocess.SubprocessHook"}
{"timestamp":"2026-09-21T10:13:00.781186","level":"info","event":"\u001b[0m10:13:00  10 of 32 PASS not_null_stg_orders_restaurant_id ................................ [\u001b[32mPASS\u001b[0m in 0.77s]","logger":"airflow.task.hooks.airflow.providers.standard.hooks.subprocess.SubprocessHook"}
{"timestamp":"2026-09-21T10:13:00.788457","level":"info","event":"\u001b[0m10:13:00  18 of 32 START test unique_stg_users_customer_id ............................... [RUN]","logger":"airflow.task.hooks.airflow.providers.standard.hooks.subprocess.SubprocessHook"}
{"timestamp":"2026-09-21T10:13:00.839379","level":"info","event":"\u001b[0m10:13:00  13 of 32 PASS not_null_stg_order_items_order_item_id ........................... [\u001b[32mPASS\u001b[0m in 0.83s]","logger":"airflow.task.hooks.airflow.providers.standard.hooks.subprocess.SubprocessHook"}
{"timestamp":"2026-09-21T10:13:00.934374","level":"info","event":"\u001b[0m10:13:00  15 of 32 PASS not_null_stg_restaurants_restaurant_id ........................... [\u001b[32mPASS\u001b[0m in 0.61s]","logger":"airflow.task.hooks.airflow.providers.standard.hooks.subprocess.SubprocessHook"}
{"timestamp":"2026-09-21T10:13:01.205438","level":"info","event":"\u001b[0m10:13:01  11 of 32 PASS unique_stg_orders_order_id ....................................... [\u001b[32mPASS\u001b[0m in 1.20s]","logger":"airflow.task.hooks.airflow.providers.standard.hooks.subprocess.SubprocessHook"}
{"timestamp":"2026-09-21T10:13:01.208661","level":"info","event":"\u001b[0m10:13:01  19 of 32 START sql incremental model marts.fct_orders .......................... [RUN]","logger":"airflow.task.hooks.airflow.providers.standard.hooks.subprocess.SubprocessHook"}
{"timestamp":"2026-09-21T10:13:01.398057","level":"info","event":"\u001b[0m10:13:01  17 of 32 PASS not_null_stg_users_customer_id ................................... [\u001b[32mPASS\u001b[0m in 0.67s]","logger":"airflow.task.hooks.airflow.providers.standard.hooks.subprocess.SubprocessHook"}
{"timestamp":"2026-09-21T10:13:01.399172","level":"info","event":"\u001b[0m10:13:01  14 of 32 PASS unique_stg_order_items_order_item_id ............................. [\u001b[32mPASS\u001b[0m in 1.39s]","logger":"airflow.task.hooks.airflow.providers.standard.hooks.subprocess.SubprocessHook"}
{"timestamp":"2026-09-21T10:13:01.406625","level":"info","event":"\u001b[0m10:13:01  20 of 32 START sql incremental model marts.fact_order_items .................... [RUN]","logger":"airflow.task.hooks.airflow.providers.standard.hooks.subprocess.SubprocessHook"}
{"timestamp":"2026-09-21T10:13:01.428393","level":"info","event":"\u001b[0m10:13:01  18 of 32 PASS unique_stg_users_customer_id ..................................... [\u001b[32mPASS\u001b[0m in 0.64s]","logger":"airflow.task.hooks.airflow.providers.standard.hooks.subprocess.SubprocessHook"}
{"timestamp":"2026-09-21T10:13:01.429093","level":"info","event":"\u001b[0m10:13:01  16 of 32 PASS unique_stg_restaurants_restaurant_id ............................. [\u001b[32mPASS\u001b[0m in 0.70s]","logger":"airflow.task.hooks.airflow.providers.standard.hooks.subprocess.SubprocessHook"}
{"timestamp":"2026-09-21T10:13:01.453596","level":"info","event":"\u001b[0m10:13:01  21 of 32 START sql table model marts.dim_customer .............................. [RUN]","logger":"airflow.task.hooks.airflow.providers.standard.hooks.subprocess.SubprocessHook"}
{"timestamp":"2026-09-21T10:13:01.454257","level":"info","event":"\u001b[0m10:13:01  22 of 32 START sql table model marts.dim_restaurants ........................... [RUN]","logger":"airflow.task.hooks.airflow.providers.standard.hooks.subprocess.SubprocessHook"}
{"timestamp":"2026-09-21T10:13:01.455204","level":"info","event":"\u001b[0m10:13:01  23 of 32 START sql view model staging.stg_reviews .............................. [RUN]","logger":"airflow.task.hooks.airflow.providers.standard.hooks.subprocess.SubprocessHook"}
{"timestamp":"2026-09-21T10:13:01.982066","level":"info","event":"\u001b[0m10:13:01  12 of 32 OK created sql table model marts.dim_food ............................. [\u001b[32mSUCCESS 1\u001b[0m in 1.97s]","logger":"airflow.task.hooks.airflow.providers.standard.hooks.subprocess.SubprocessHook"}
{"timestamp":"2026-09-21T10:13:02.313497","level":"info","event":"\u001b[0m10:13:02  23 of 32 OK created sql view model staging.stg_reviews ......................... [\u001b[32mSUCCESS 1\u001b[0m in 0.85s]","logger":"airflow.task.hooks.airflow.providers.standard.hooks.subprocess.SubprocessHook"}
{"timestamp":"2026-09-21T10:13:02.315910","level":"info","event":"\u001b[0m10:13:02  24 of 32 START test not_null_stg_reviews_review_id ............................. [RUN]","logger":"airflow.task.hooks.airflow.providers.standard.hooks.subprocess.SubprocessHook"}
{"timestamp":"2026-09-21T10:13:02.317613","level":"info","event":"\u001b[0m10:13:02  25 of 32 START test unique_stg_reviews_review_id ............................... [RUN]","logger":"airflow.task.hooks.airflow.providers.standard.hooks.subprocess.SubprocessHook"}
{"timestamp":"2026-09-21T10:13:02.867190","level":"info","event":"\u001b[0m10:13:02  22 of 32 OK created sql table model marts.dim_restaurants ...................... [\u001b[32mSUCCESS 1\u001b[0m in 1.41s]","logger":"airflow.task.hooks.airflow.providers.standard.hooks.subprocess.SubprocessHook"}
{"timestamp":"2026-09-21T10:13:03.013188","level":"info","event":"\u001b[0m10:13:03  24 of 32 PASS not_null_stg_reviews_review_id ................................... [\u001b[32mPASS\u001b[0m in 0.69s]","logger":"airflow.task.hooks.airflow.providers.standard.hooks.subprocess.SubprocessHook"}
{"timestamp":"2026-09-21T10:13:03.020652","level":"info","event":"\u001b[0m10:13:03  21 of 32 OK created sql table model marts.dim_customer ......................... [\u001b[32mSUCCESS 1\u001b[0m in 1.56s]","logger":"airflow.task.hooks.airflow.providers.standard.hooks.subprocess.SubprocessHook"}
{"timestamp":"2026-09-21T10:13:03.158835","level":"info","event":"\u001b[0m10:13:03  25 of 32 PASS unique_stg_reviews_review_id ..................................... [\u001b[32mPASS\u001b[0m in 0.84s]","logger":"airflow.task.hooks.airflow.providers.standard.hooks.subprocess.SubprocessHook"}
{"timestamp":"2026-09-21T10:13:03.219145","level":"info","event":"\u001b[0m10:13:03  19 of 32 OK created sql incremental model marts.fct_orders ..................... [\u001b[32mSUCCESS 0\u001b[0m in 2.01s]","logger":"airflow.task.hooks.airflow.providers.standard.hooks.subprocess.SubprocessHook"}
{"timestamp":"2026-09-21T10:13:03.224028","level":"info","event":"\u001b[0m10:13:03  26 of 32 START test accepted_values_fct_orders_order_status__Delivered__Cancelled__Refunded  [RUN]","logger":"airflow.task.hooks.airflow.providers.standard.hooks.subprocess.SubprocessHook"}
{"timestamp":"2026-09-21T10:13:03.225606","level":"info","event":"\u001b[0m10:13:03  27 of 32 START test not_null_fct_orders_order_id ............................... [RUN]","logger":"airflow.task.hooks.airflow.providers.standard.hooks.subprocess.SubprocessHook"}
{"timestamp":"2026-09-21T10:13:03.226754","level":"info","event":"\u001b[0m10:13:03  28 of 32 START test relationships_fct_orders_customer_id__customer_id__ref_dim_customer_  [RUN]","logger":"airflow.task.hooks.airflow.providers.standard.hooks.subprocess.SubprocessHook"}
{"timestamp":"2026-09-21T10:13:03.228851","level":"info","event":"\u001b[0m10:13:03  29 of 32 START test unique_fct_orders_order_id ................................. [RUN]","logger":"airflow.task.hooks.airflow.providers.standard.hooks.subprocess.SubprocessHook"}
{"timestamp":"2026-09-21T10:13:03.846622","level":"info","event":"\u001b[0m10:13:03  26 of 32 PASS accepted_values_fct_orders_order_status__Delivered__Cancelled__Refunded  [\u001b[32mPASS\u001b[0m in 0.62s]","logger":"airflow.task.hooks.airflow.providers.standard.hooks.subprocess.SubprocessHook"}
{"timestamp":"2026-09-21T10:13:03.868170","level":"info","event":"\u001b[0m10:13:03  27 of 32 PASS not_null_fct_orders_order_id ..................................... [\u001b[32mPASS\u001b[0m in 0.64s]","logger":"airflow.task.hooks.airflow.providers.standard.hooks.subprocess.SubprocessHook"}
{"timestamp":"2026-09-21T10:13:03.874570","level":"info","event":"\u001b[0m10:13:03  29 of 32 PASS unique_fct_orders_order_id ....................................... [\u001b[32mPASS\u001b[0m in 0.64s]","logger":"airflow.task.hooks.airflow.providers.standard.hooks.subprocess.SubprocessHook"}
{"timestamp":"2026-09-21T10:13:03.878189","level":"info","event":"\u001b[0m10:13:03  30 of 32 START sql table model marts.mart_daily_city_revenune .................. [RUN]","logger":"airflow.task.hooks.airflow.providers.standard.hooks.subprocess.SubprocessHook"}
{"timestamp":"2026-09-21T10:13:03.878845","level":"info","event":"\u001b[0m10:13:03  31 of 32 START sql table model marts.mart_delivery_sla ......................... [RUN]","logger":"airflow.task.hooks.airflow.providers.standard.hooks.subprocess.SubprocessHook"}
{"timestamp":"2026-09-21T10:13:03.879619","level":"info","event":"\u001b[0m10:13:03  32 of 32 START sql table model marts.mart_restaurant_performance ............... [RUN]","logger":"airflow.task.hooks.airflow.providers.standard.hooks.subprocess.SubprocessHook"}
{"timestamp":"2026-09-21T10:13:03.971573","level":"info","event":"\u001b[0m10:13:03  20 of 32 OK created sql incremental model marts.fact_order_items ............... [\u001b[32mSUCCESS 0\u001b[0m in 2.56s]","logger":"airflow.task.hooks.airflow.providers.standard.hooks.subprocess.SubprocessHook"}
{"timestamp":"2026-09-21T10:13:04.086156","level":"info","event":"\u001b[0m10:13:04  28 of 32 PASS relationships_fct_orders_customer_id__customer_id__ref_dim_customer_  [\u001b[32mPASS\u001b[0m in 0.86s]","logger":"airflow.task.hooks.airflow.providers.standard.hooks.subprocess.SubprocessHook"}
{"timestamp":"2026-09-21T10:13:05.915223","level":"info","event":"\u001b[0m10:13:05  30 of 32 OK created sql table model marts.mart_daily_city_revenune ............. [\u001b[32mSUCCESS 1\u001b[0m in 2.03s]","logger":"airflow.task.hooks.airflow.providers.standard.hooks.subprocess.SubprocessHook"}
{"timestamp":"2026-09-21T10:13:06.301759","level":"info","event":"\u001b[0m10:13:06  31 of 32 OK created sql table model marts.mart_delivery_sla .................... [\u001b[32mSUCCESS 1\u001b[0m in 2.42s]","logger":"airflow.task.hooks.airflow.providers.standard.hooks.subprocess.SubprocessHook"}
{"timestamp":"2026-09-21T10:13:06.502075","level":"info","event":"\u001b[0m10:13:06  32 of 32 OK created sql table model marts.mart_restaurant_performance .......... [\u001b[32mSUCCESS 1\u001b[0m in 2.62s]","logger":"airflow.task.hooks.airflow.providers.standard.hooks.subprocess.SubprocessHook"}
{"timestamp":"2026-09-21T10:13:06.513285","level":"info","event":"\u001b[0m10:13:06","logger":"airflow.task.hooks.airflow.providers.standard.hooks.subprocess.SubprocessHook"}
{"timestamp":"2026-09-21T10:13:06.513977","level":"info","event":"\u001b[0m10:13:06  Finished running 2 incremental models, 7 table models, 16 data tests, 7 view models in 0 hours 0 minutes and 11.47 seconds (11.47s).","logger":"airflow.task.hooks.airflow.providers.standard.hooks.subprocess.SubprocessHook"}
{"timestamp":"2026-09-21T10:13:06.578248","level":"info","event":"\u001b[0m10:13:06","logger":"airflow.task.hooks.airflow.providers.standard.hooks.subprocess.SubprocessHook"}
{"timestamp":"2026-09-21T10:13:06.578551","level":"info","event":"\u001b[0m10:13:06  \u001b[32mCompleted successfully\u001b[0m","logger":"airflow.task.hooks.airflow.providers.standard.hooks.subprocess.SubprocessHook"}
{"timestamp":"2026-09-21T10:13:06.579117","level":"info","event":"\u001b[0m10:13:06","logger":"airflow.task.hooks.airflow.providers.standard.hooks.subprocess.SubprocessHook"}
{"timestamp":"2026-09-21T10:13:06.579496","level":"info","event":"\u001b[0m10:13:06  Done. PASS=32 WARN=0 ERROR=0 SKIP=0 NO-OP=0 REUSED=0 TOTAL=32","logger":"airflow.task.hooks.airflow.providers.standard.hooks.subprocess.SubprocessHook"}
{"timestamp":"2026-09-21T10:13:08.368903","level":"info","event":"Command exited with return code 0","logger":"airflow.task.hooks.airflow.providers.standard.hooks.subprocess.SubprocessHook"}
{"timestamp":"2026-09-21T10:13:08.370074","level":"info","event":"Pushing xcom","ti":"RuntimeTaskInstance(id=UUID('01a0c374-0e8b-7f91-9817-536752b75697'), task_id='dbt_build_core', dag_id='swiggy_batch', run_id='manual__2026-09-21T10:07:18.846679+00:00', try_number=2, map_index=-1, hostname='9687693ea353', context_carrier=None, task=<Task(BashOperator): dbt_build_core>, bundle_instance=LocalDagBundle(name=dags-folder), max_tries=1, start_date=datetime.datetime(2026, 9, 21, 10, 12, 51, 870476, tzinfo=datetime.timezone.utc), end_date=None, state=<TaskInstanceState.RUNNING: 'running'>, is_mapped=False, rendered_map_index=None, log_url='http://localhost:8080/dags/swiggy_batch/runs/manual__2026-09-21T10%3A07%3A18.846679%2B00%3A00/tasks/dbt_build_core?try_number=2')","logger":"task"}
